Archive member included to satisfy reference by file (symbol)

C:/PROGRA~2/ARMGNU~1/14EFD8~1.2RE/bin/../lib/gcc/arm-none-eabi/14.2.1/thumb/v6-m/nofp\libgcc.a(_dvmd_tls.o)
                              CMakeFiles/sensor_controller.dir/pico-sdk/src/rp2_common/pico_divider/divider_hardware.S.obj (__aeabi_idiv0)
C:/PROGRA~2/ARMGNU~1/14EFD8~1.2RE/bin/../lib/gcc/arm-none-eabi/14.2.1/thumb/v6-m/nofp\libg.a(libc_a-calloc.o)
                              CMakeFiles/sensor_controller.dir/pico-sdk/src/rp2_common/pico_malloc/malloc.c.obj (calloc)
C:/PROGRA~2/ARMGNU~1/14EFD8~1.2RE/bin/../lib/gcc/arm-none-eabi/14.2.1/thumb/v6-m/nofp\libg.a(libc_a-callocr.o)
                              C:/PROGRA~2/ARMGNU~1/14EFD8~1.2RE/bin/../lib/gcc/arm-none-eabi/14.2.1/thumb/v6-m/nofp\libg.a(libc_a-calloc.o) (_calloc_r)
C:/PROGRA~2/ARMGNU~1/14EFD8~1.2RE/bin/../lib/gcc/arm-none-eabi/14.2.1/thumb/v6-m/nofp\libg.a(libc_a-malloc.o)
                              CMakeFiles/sensor_controller.dir/pico-sdk/src/rp2_common/pico_malloc/malloc.c.obj (malloc)
C:/PROGRA~2/ARMGNU~1/14EFD8~1.2RE/bin/../lib/gcc/arm-none-eabi/14.2.1/thumb/v6-m/nofp\libg.a(libc_a-mallocr.o)
                              C:/PROGRA~2/ARMGNU~1/14EFD8~1.2RE/bin/../lib/gcc/arm-none-eabi/14.2.1/thumb/v6-m/nofp\libg.a(libc_a-callocr.o) (_malloc_r)
C:/PROGRA~2/ARMGNU~1/14EFD8~1.2RE/bin/../lib/gcc/arm-none-eabi/14.2.1/thumb/v6-m/nofp\libg.a(libc_a-mlock.o)
                              C:/PROGRA~2/ARMGNU~1/14EFD8~1.2RE/bin/../lib/gcc/arm-none-eabi/14.2.1/thumb/v6-m/nofp\libg.a(libc_a-mallocr.o) (__malloc_lock)
C:/PROGRA~2/ARMGNU~1/14EFD8~1.2RE/bin/../lib/gcc/arm-none-eabi/14.2.1/thumb/v6-m/nofp\libg.a(libc_a-realloc.o)
                              CMakeFiles/sensor_controller.dir/pico-sdk/src/rp2_common/pico_malloc/malloc.c.obj (realloc)
C:/PROGRA~2/ARMGNU~1/14EFD8~1.2RE/bin/../lib/gcc/arm-none-eabi/14.2.1/thumb/v6-m/nofp\libg.a(libc_a-reallocr.o)
                              C:/PROGRA~2/ARMGNU~1/14EFD8~1.2RE/bin/../lib/gcc/arm-none-eabi/14.2.1/thumb/v6-m/nofp\libg.a(libc_a-realloc.o) (_realloc_r)
C:/PROGRA~2/ARMGNU~1/14EFD8~1.2RE/bin/../lib/gcc/arm-none-eabi/14.2.1/thumb/v6-m/nofp\libg.a(libc_a-memcmp.o)
                              CMakeFiles/sensor_controller.dir/pico-sdk/src/rp2_common/pico_atomic/atomic.c.obj (memcmp)
C:/PROGRA~2/ARMGNU~1/14EFD8~1.2RE/bin/../lib/gcc/arm-none-eabi/14.2.1/thumb/v6-m/nofp\libg.a(libc_a-memmove.o)
                              C:/PROGRA~2/ARMGNU~1/14EFD8~1.2RE/bin/../lib/gcc/arm-none-eabi/14.2.1/thumb/v6-m/nofp\libg.a(libc_a-reallocr.o) (memmove)
C:/PROGRA~2/ARMGNU~1/14EFD8~1.2RE/bin/../lib/gcc/arm-none-eabi/14.2.1/thumb/v6-m/nofp\libg.a(libc_a-lcltime_r.o)
                              CMakeFiles/sensor_controller.dir/pico-sdk/src/common/pico_util/datetime.c.obj (localtime_r)
C:/PROGRA~2/ARMGNU~1/14EFD8~1.2RE/bin/../lib/gcc/arm-none-eabi/14.2.1/thumb/v6-m/nofp\libg.a(libc_a-mktime.o)
                              CMakeFiles/sensor_controller.dir/pico-sdk/src/common/pico_util/datetime.c.obj (mktime)
C:/PROGRA~2/ARMGNU~1/14EFD8~1.2RE/bin/../lib/gcc/arm-none-eabi/14.2.1/thumb/v6-m/nofp\libg.a(libc_a-month_lengths.o)
                              C:/PROGRA~2/ARMGNU~1/14EFD8~1.2RE/bin/../lib/gcc/arm-none-eabi/14.2.1/thumb/v6-m/nofp\libg.a(libc_a-lcltime_r.o) (__month_lengths)
C:/PROGRA~2/ARMGNU~1/14EFD8~1.2RE/bin/../lib/gcc/arm-none-eabi/14.2.1/thumb/v6-m/nofp\libg.a(libc_a-tzcalc_limits.o)
                              C:/PROGRA~2/ARMGNU~1/14EFD8~1.2RE/bin/../lib/gcc/arm-none-eabi/14.2.1/thumb/v6-m/nofp\libg.a(libc_a-lcltime_r.o) (__tzcalc_limits)
C:/PROGRA~2/ARMGNU~1/14EFD8~1.2RE/bin/../lib/gcc/arm-none-eabi/14.2.1/thumb/v6-m/nofp\libg.a(libc_a-tzlock.o)
                              C:/PROGRA~2/ARMGNU~1/14EFD8~1.2RE/bin/../lib/gcc/arm-none-eabi/14.2.1/thumb/v6-m/nofp\libg.a(libc_a-lcltime_r.o) (__tz_lock)
C:/PROGRA~2/ARMGNU~1/14EFD8~1.2RE/bin/../lib/gcc/arm-none-eabi/14.2.1/thumb/v6-m/nofp\libg.a(libc_a-tzset.o)
                              C:/PROGRA~2/ARMGNU~1/14EFD8~1.2RE/bin/../lib/gcc/arm-none-eabi/14.2.1/thumb/v6-m/nofp\libg.a(libc_a-lcltime_r.o) (_tzset_unlocked)
C:/PROGRA~2/ARMGNU~1/14EFD8~1.2RE/bin/../lib/gcc/arm-none-eabi/14.2.1/thumb/v6-m/nofp\libg.a(libc_a-tzset_r.o)
                              C:/PROGRA~2/ARMGNU~1/14EFD8~1.2RE/bin/../lib/gcc/arm-none-eabi/14.2.1/thumb/v6-m/nofp\libg.a(libc_a-tzset.o) (_tzset_unlocked_r)
C:/PROGRA~2/ARMGNU~1/14EFD8~1.2RE/bin/../lib/gcc/arm-none-eabi/14.2.1/thumb/v6-m/nofp\libg.a(libc_a-tzvars.o)
                              C:/PROGRA~2/ARMGNU~1/14EFD8~1.2RE/bin/../lib/gcc/arm-none-eabi/14.2.1/thumb/v6-m/nofp\libg.a(libc_a-tzset_r.o) (_timezone)
C:/PROGRA~2/ARMGNU~1/14EFD8~1.2RE/bin/../lib/gcc/arm-none-eabi/14.2.1/thumb/v6-m/nofp\libg.a(libc_a-impure.o)
                              C:/PROGRA~2/ARMGNU~1/14EFD8~1.2RE/bin/../lib/gcc/arm-none-eabi/14.2.1/thumb/v6-m/nofp\libg.a(libc_a-calloc.o) (_impure_ptr)
[...]
Memory Configuration

Name             Origin             Length             Attributes
FLASH            0x10000000         0x00200000         xr
RAM              0x20000000         0x00040000         xrw
SCRATCH_X        0x20040000         0x00001000         xrw
SCRATCH_Y        0x20041000         0x00001000         xrw
*default*        0x00000000         0xffffffff

Linker script and memory map

LOAD C:/PROGRA~2/ARMGNU~1/14EFD8~1.2RE/bin/../lib/gcc/arm-none-eabi/14.2.1/thumb/v6-m/nofp/crti.o
LOAD C:/PROGRA~2/ARMGNU~1/14EFD8~1.2RE/bin/../lib/gcc/arm-none-eabi/14.2.1/thumb/v6-m/nofp/crtbegin.o
LOAD C:/PROGRA~2/ARMGNU~1/14EFD8~1.2RE/bin/../lib/gcc/arm-none-eabi/14.2.1/thumb/v6-m/nofp/crt0.o

.flash_begin    0x10000000        0x0
                0x10000000                        __flash_binary_start = .

.boot2          0x10000000      0x100
                0x10000000                        __boot2_start__ = .
 *(.boot2)
 .boot2         0x10000000      0x100 pico-sdk/src/rp2040/boot_stage2/CMakeFiles/bs2_default_library.dir/./bs2_default_padded_checksummed.S.obj
                0x10000100                        __boot2_end__ = .
                0x00000001                        ASSERT (((__boot2_end__ - __boot2_start__) == 0x100), ERROR: Pico second stage bootloader must be 256 bytes in size)

.text           0x10000100     0x1694
                0x10000100                        __logical_binary_start = .
 *(.vectors)
 .vectors       0x10000100       0xd4 CMakeFiles/sensor_controller.dir/pico-sdk/src/rp2_common/pico_crt0/crt0.S.obj
                0x10000100                __VECTOR_TABLE
                0x10000100                __vectors
                0x100001c0                isr_invalid
                0x100001c0                __default_isrs_start
                0x100001c2                isr_nmi
                0x100001c4                isr_hardfault
                0x100001c6                isr_svcall
                0x100001c8                isr_pendsv
                0x100001ca                isr_systick
                0x100001cc                isr_irq23
                0x100001cc                isr_irq18
                0x100001cc                isr_irq11
                0x100001cc                isr_irq28
                0x100001cc                isr_irq19
                0x100001cc                isr_irq0
                0x100001cc                isr_irq6
                0x100001cc                isr_irq5
                0x100001cc                isr_irq12
                0x100001cc                isr_irq22
                0x100001cc                isr_irq31
                0x100001cc                isr_irq17
                0x100001cc                isr_irq27
                0x100001cc                isr_irq30
                0x100001cc                isr_irq2
                0x100001cc                isr_irq10
                0x100001cc                isr_irq8
                0x100001cc                isr_irq24
                0x100001cc                isr_irq1
                0x100001cc                isr_irq7
                0x100001cc                isr_irq21
                0x100001cc                isr_irq20
                0x100001cc                isr_irq15
                0x100001cc                isr_irq25
                0x100001cc                isr_irq13
                0x100001cc                __unhandled_user_irq
                0x100001cc                isr_irq4
                0x100001cc                isr_irq16
                0x100001cc                isr_irq29
                0x100001cc                isr_irq26
                0x100001cc                __default_isrs_end
                0x100001cc                isr_irq3
                0x100001cc                isr_irq14
                0x100001cc                isr_irq9
                0x100001d2                unhandled_user_irq_num_in_r0
 *(.binary_info_header)
 .binary_info_header
                0x100001d4       0x14 CMakeFiles/sensor_controller.dir/pico-sdk/src/rp2_common/pico_crt0/crt0.S.obj
                0x100001e8                        __binary_info_header_end = .
 *(.embedded_block)
                0x100001e8                        __embedded_block_end = .
 *(.reset)
 .reset         0x100001e8       0x9c CMakeFiles/sensor_controller.dir/pico-sdk/src/rp2_common/pico_crt0/crt0.S.obj
                0x100001e8                _entry_point
 *(.init)
 .init          0x10000284        0x4 C:/PROGRA~2/ARMGNU~1/14EFD8~1.2RE/bin/../lib/gcc/arm-none-eabi/14.2.1/thumb/v6-m/nofp/crti.o
                0x10000284                _init
 *(EXCLUDE_FILE(*libm.a: *libc.a:*lib_a-mem*.o *libgcc.a:) .text*)
 .text.register_tm_clones
                0x10000288       0x28 C:/PROGRA~2/ARMGNU~1/14EFD8~1.2RE/bin/../lib/gcc/arm-none-eabi/14.2.1/thumb/v6-m/nofp/crtbegin.o
 .text.frame_dummy
                0x100002b0       0x24 C:/PROGRA~2/ARMGNU~1/14EFD8~1.2RE/bin/../lib/gcc/arm-none-eabi/14.2.1/thumb/v6-m/nofp/crtbegin.o
 .text.startup.main
                0x100002d4       0x28 CMakeFiles/sensor_controller.dir/src/main.cpp.obj
                0x100002d4                main
 .text.gpio_init
                0x100002fc       0x40 CMakeFiles/sensor_controller.dir/pico-sdk/src/rp2_common/hardware_gpio/gpio.c.obj
                0x100002fc                gpio_init
 .text.panic    0x1000033c       0x30 CMakeFiles/sensor_controller.dir/pico-sdk/src/rp2_common/pico_platform_panic/panic.c.obj
                0x1000033c                panic
 .text.hw_claim_or_assert
                0x1000036c       0x44 CMakeFiles/sensor_controller.dir/pico-sdk/src/common/hardware_claim/claim.c.obj
                0x1000036c                hw_claim_or_assert
 .text.next_striped_spin_lock_num
                0x100003b0       0x18 CMakeFiles/sensor_controller.dir/pico-sdk/src/rp2_common/hardware_sync/sync.c.obj
                0x100003b0                next_striped_spin_lock_num
 .text.spin_locks_reset
                0x100003c8       0x1c CMakeFiles/sensor_controller.dir/pico-sdk/src/rp2_common/hardware_sync_spin_lock/sync_spin_lock.c.obj
                0x100003c8                spin_locks_reset
 .text.runtime_init_per_core_irq_priorities
                0x100003e4       0x24 CMakeFiles/sensor_controller.dir/pico-sdk/src/rp2_common/hardware_irq/irq.c.obj
                0x100003e4                runtime_init_per_core_irq_priorities
 .text.irq_set_enabled
                0x10000408       0x24 CMakeFiles/sensor_controller.dir/pico-sdk/src/rp2_common/hardware_irq/irq.c.obj
                0x10000408                irq_set_enabled
 .text.irq_set_exclusive_handler
                0x1000042c       0x54 CMakeFiles/sensor_controller.dir/pico-sdk/src/rp2_common/hardware_irq/irq.c.obj
                0x1000042c                irq_set_exclusive_handler
 .text.lock_init
                0x10000480       0x10 CMakeFiles/sensor_controller.dir/pico-sdk/src/common/pico_sync/lock_core.c.obj
                0x10000480                lock_init
 .text.runtime_init_mutex
                0x10000490       0x50 CMakeFiles/sensor_controller.dir/pico-sdk/src/common/pico_sync/mutex.c.obj
                0x10000490                runtime_init_mutex
 .text.sleep_until_callback
                0x100004e0       0x30 CMakeFiles/sensor_controller.dir/pico-sdk/src/common/pico_time/time.c.obj
 .text.alarm_pool_irq_handler
                0x10000510      0x300 CMakeFiles/sensor_controller.dir/pico-sdk/src/common/pico_time/time.c.obj
 .text.runtime_init_default_alarm_pool
                0x10000810       0xdc CMakeFiles/sensor_controller.dir/pico-sdk/src/common/pico_time/time.c.obj
                0x10000810                runtime_init_default_alarm_pool
 .text.alarm_pool_add_alarm_at_force_in_context
                0x100008ec       0xb0 CMakeFiles/sensor_controller.dir/pico-sdk/src/common/pico_time/time.c.obj
                0x100008ec                alarm_pool_add_alarm_at_force_in_context
 .text.alarm_pool_cancel_alarm
                0x1000099c       0x74 CMakeFiles/sensor_controller.dir/pico-sdk/src/common/pico_time/time.c.obj
                0x1000099c                alarm_pool_cancel_alarm
 .text.sleep_ms
                0x10000a10       0xfc CMakeFiles/sensor_controller.dir/pico-sdk/src/common/pico_time/time.c.obj
                0x10000a10                sleep_ms
 .text.best_effort_wfe_or_timeout
                0x10000b0c      0x10c CMakeFiles/sensor_controller.dir/pico-sdk/src/common/pico_time/time.c.obj
                0x10000b0c                best_effort_wfe_or_timeout
 .text.timer_hardware_alarm_claim
                0x10000c18       0x14 CMakeFiles/sensor_controller.dir/pico-sdk/src/rp2_common/hardware_timer/timer.c.obj
                0x10000c18                timer_hardware_alarm_claim
 .text.timer_time_us_64
                0x10000c2c       0x10 CMakeFiles/sensor_controller.dir/pico-sdk/src/rp2_common/hardware_timer/timer.c.obj
                0x10000c2c                timer_time_us_64
 .text.time_us_64
                0x10000c3c       0x14 CMakeFiles/sensor_controller.dir/pico-sdk/src/rp2_common/hardware_timer/timer.c.obj
                0x10000c3c                time_us_64
 .text.busy_wait_until
                0x10000c50       0x20 CMakeFiles/sensor_controller.dir/pico-sdk/src/rp2_common/hardware_timer/timer.c.obj
                0x10000c50                busy_wait_until
 .text.clock_configure_int_divider
                0x10000c70       0xf4 CMakeFiles/sensor_controller.dir/pico-sdk/src/rp2_common/hardware_clocks/clocks.c.obj
                0x10000c70                clock_configure_int_divider
 .text.clock_configure_undivided
                0x10000d64       0xe8 CMakeFiles/sensor_controller.dir/pico-sdk/src/rp2_common/hardware_clocks/clocks.c.obj
                0x10000d64                clock_configure_undivided
 .text.clock_get_hz
                0x10000e4c        0xc CMakeFiles/sensor_controller.dir/pico-sdk/src/rp2_common/hardware_clocks/clocks.c.obj
                0x10000e4c                clock_get_hz
 .text.pll_init
                0x10000e58       0xa4 CMakeFiles/sensor_controller.dir/pico-sdk/src/rp2_common/hardware_pll/pll.c.obj
                0x10000e58                pll_init
 .text.tick_start
                0x10000efc       0x10 CMakeFiles/sensor_controller.dir/pico-sdk/src/rp2_common/hardware_ticks/ticks.c.obj
                0x10000efc                tick_start
 .text.rom_func_lookup
                0x10000f0c       0x10 CMakeFiles/sensor_controller.dir/pico-sdk/src/rp2_common/pico_bootrom/bootrom.c.obj
                0x10000f0c                rom_func_lookup
 .text.rom_data_lookup
                0x10000f1c       0x10 CMakeFiles/sensor_controller.dir/pico-sdk/src/rp2_common/pico_bootrom/bootrom.c.obj
                0x10000f1c                rom_data_lookup
 .text.rom_funcs_lookup
                0x10000f2c       0x44 CMakeFiles/sensor_controller.dir/pico-sdk/src/rp2_common/pico_bootrom/bootrom.c.obj
                0x10000f2c                rom_funcs_lookup
 .text.xosc_init
                0x10000f70       0x28 CMakeFiles/sensor_controller.dir/pico-sdk/src/rp2_common/hardware_xosc/xosc.c.obj
                0x10000f70                xosc_init
 .text.first_per_core_initializer
                0x10000f98        0x4 CMakeFiles/sensor_controller.dir/pico-sdk/src/rp2_common/pico_runtime/runtime.c.obj
 .text.hard_assertion_failure
                0x10000f9c        0xc CMakeFiles/sensor_controller.dir/pico-sdk/src/rp2_common/pico_runtime/runtime.c.obj
                0x10000f9c                hard_assertion_failure
 .text.runtime_run_initializers
                0x10000fa8       0x28 CMakeFiles/sensor_controller.dir/pico-sdk/src/rp2_common/pico_runtime/runtime.c.obj
                0x10000fa8                runtime_run_initializers
 .text.runtime_init_early_resets
                0x10000fd0       0x2c CMakeFiles/sensor_controller.dir/pico-sdk/src/rp2_common/pico_runtime_init/runtime_init.c.obj
                0x10000fd0                runtime_init_early_resets
 .text.runtime_init_usb_power_down
                0x10000ffc       0x1c CMakeFiles/sensor_controller.dir/pico-sdk/src/rp2_common/pico_runtime_init/runtime_init.c.obj
                0x10000ffc                runtime_init_usb_power_down
 .text.runtime_init_post_clock_resets
                0x10001018       0x20 CMakeFiles/sensor_controller.dir/pico-sdk/src/rp2_common/pico_runtime_init/runtime_init.c.obj
                0x10001018                runtime_init_post_clock_resets
 .text.runtime_init_rp2040_gpio_ie_disable
                0x10001038       0x14 CMakeFiles/sensor_controller.dir/pico-sdk/src/rp2_common/pico_runtime_init/runtime_init.c.obj
                0x10001038                runtime_init_rp2040_gpio_ie_disable
 .text.runtime_init_spin_locks_reset
                0x1000104c        0x8 CMakeFiles/sensor_controller.dir/pico-sdk/src/rp2_common/pico_runtime_init/runtime_init.c.obj
                0x1000104c                runtime_init_spin_locks_reset
 .text.runtime_init_install_ram_vector_table
                0x10001054       0x1c CMakeFiles/sensor_controller.dir/pico-sdk/src/rp2_common/pico_runtime_init/runtime_init.c.obj
                0x10001054                runtime_init_install_ram_vector_table
 .text.runtime_init_clocks
                0x10001070       0xd8 CMakeFiles/sensor_controller.dir/pico-sdk/src/rp2_common/pico_runtime_init/runtime_init_clocks.c.obj
                0x10001070                runtime_init_clocks
 .text          0x10001148       0x10 CMakeFiles/sensor_controller.dir/pico-sdk/src/rp2_common/pico_bit_ops/bit_ops_aeabi.S.obj
 .text.__wrap___aeabi_uidiv
                0x10001158       0x4c CMakeFiles/sensor_controller.dir/pico-sdk/src/rp2_common/pico_divider/divider_hardware.S.obj
                0x10001158                __wrap___aeabi_uidiv
                0x10001158                __wrap___aeabi_uidivmod
                0x10001158                div_u32u32
                0x10001158                divmod_u32u32
                0x10001160                divmod_u32u32_unsafe
                0x10001188                divmod_u32u32_savestate
 .text.__aeabi_double_init
                0x100011a4       0xa4 CMakeFiles/sensor_controller.dir/pico-sdk/src/rp2_common/pico_double/double_init_rom_rp2040.c.obj
                0x100011a4                __aeabi_double_init
 .text.double_table_shim_on_use_helper
                0x10001248       0x2c CMakeFiles/sensor_controller.dir/pico-sdk/src/rp2_common/pico_double/double_v1_rom_shim_rp2040.S.obj
                0x10001248                double_table_shim_on_use_helper
 .text.__aeabi_lmul
                0x10001274       0x32 CMakeFiles/sensor_controller.dir/pico-sdk/src/rp2_common/pico_int64_ops/pico_int64_ops_aeabi.S.obj
                0x10001274                __wrap___aeabi_lmul
 *fill*         0x100012a6        0x2 
 .text.__aeabi_float_init
                0x100012a8       0x64 CMakeFiles/sensor_controller.dir/pico-sdk/src/rp2_common/pico_float/float_init_rom_rp2040.c.obj
                0x100012a8                __aeabi_float_init
 .text.float_table_shim_on_use_helper
                0x1000130c       0x2c CMakeFiles/sensor_controller.dir/pico-sdk/src/rp2_common/pico_float/float_v1_rom_shim_rp2040.S.obj
                0x1000130c                float_table_shim_on_use_helper
 .text          0x10001338       0x10 CMakeFiles/sensor_controller.dir/pico-sdk/src/rp2_common/pico_mem_ops/mem_ops_aeabi.S.obj
                0x10001338                __aeabi_mem_init
 .text.memset   0x10001348        0xc CMakeFiles/sensor_controller.dir/pico-sdk/src/rp2_common/pico_mem_ops/mem_ops_aeabi.S.obj
                0x10001348                __wrap_memset
 .text.memcpy   0x10001354        0xc CMakeFiles/sensor_controller.dir/pico-sdk/src/rp2_common/pico_mem_ops/mem_ops_aeabi.S.obj
                0x10001354                __wrap_memcpy
                0x10001354                __wrap___aeabi_memcpy
 .text._out_char
                0x10001360       0x10 CMakeFiles/sensor_controller.dir/pico-sdk/src/rp2_common/pico_printf/printf.c.obj
 .text.weak_raw_vprintf
                0x10001370       0x30 CMakeFiles/sensor_controller.dir/pico-sdk/src/rp2_common/pico_printf/printf.c.obj
                0x10001370                weak_raw_vprintf
 .text._exit    0x100013a0        0x4 CMakeFiles/sensor_controller.dir/pico-sdk/src/rp2_common/pico_clib_interface/newlib_interface.c.obj
                0x100013a0                _exit
 .text.exit     0x100013a4        0x8 CMakeFiles/sensor_controller.dir/pico-sdk/src/rp2_common/pico_clib_interface/newlib_interface.c.obj
                0x100013a4                exit
 .text.runtime_init
                0x100013ac       0x2c CMakeFiles/sensor_controller.dir/pico-sdk/src/rp2_common/pico_clib_interface/newlib_interface.c.obj
                0x100013ac                runtime_init
 .text.stdio_out_chars_no_crlf
                0x100013d8       0x10 CMakeFiles/sensor_controller.dir/pico-sdk/src/rp2_common/pico_stdio/stdio.c.obj
 .text.stdio_out_chars_crlf
                0x100013e8       0xb0 CMakeFiles/sensor_controller.dir/pico-sdk/src/rp2_common/pico_stdio/stdio.c.obj
 .text.stdio_put_string
                0x10001498       0xfc CMakeFiles/sensor_controller.dir/pico-sdk/src/rp2_common/pico_stdio/stdio.c.obj
                0x10001498                stdio_put_string
 .text.__wrap_putchar
                0x10001594       0x94 CMakeFiles/sensor_controller.dir/pico-sdk/src/rp2_common/pico_stdio/stdio.c.obj
                0x10001594                __wrap_putchar
                0x10001594                stdio_putchar
 .text.__wrap_puts
                0x10001628       0x3c CMakeFiles/sensor_controller.dir/pico-sdk/src/rp2_common/pico_stdio/stdio.c.obj
                0x10001628                stdio_puts
                0x10001628                __wrap_puts
 .text.startup._retrieve_unique_id_on_boot
                0x10001664       0x10 CMakeFiles/sensor_controller.dir/pico-sdk/src/rp2_common/pico_unique_id/unique_id.c.obj
 .text.flash_get_unique_id
                0x10001674       0x3c CMakeFiles/sensor_controller.dir/pico-sdk/src/rp2_common/hardware_flash/flash.c.obj
                0x10001674                flash_get_unique_id
 .text.strlen   0x100016b0       0x5c C:/PROGRA~2/ARMGNU~1/14EFD8~1.2RE/bin/../lib/gcc/arm-none-eabi/14.2.1/thumb/v6-m/nofp\libg.a(libc_a-strlen-stub.o)
                0x100016b0                strlen
 *(.fini)
 .fini          0x1000170c        0x4 C:/PROGRA~2/ARMGNU~1/14EFD8~1.2RE/bin/../lib/gcc/arm-none-eabi/14.2.1/thumb/v6-m/nofp/crti.o
                0x1000170c                _fini
 .fini.__stub   0x10001710       0x40 linker stubs
 *crtbegin.o(.ctors)
 *crtbegin?.o(.ctors)
 *(EXCLUDE_FILE(*crtend.o *crtend?.o) .ctors)
 *(SORT_BY_NAME(.ctors.*))
 *(.ctors)
 *crtbegin.o(.dtors)
 *crtbegin?.o(.dtors)
 *(EXCLUDE_FILE(*crtend.o *crtend?.o) .dtors)
 *(SORT_BY_NAME(.dtors.*))
 *(.dtors)
                0x10001750                        . = ALIGN (0x4)
                0x10001750                        PROVIDE (__preinit_array_start = .)
 *(SORT_BY_NAME(.preinit_array.*))
 .preinit_array.00100
                0x10001750        0x4 CMakeFiles/sensor_controller.dir/pico-sdk/src/rp2_common/pico_runtime_init/runtime_init.c.obj
                0x10001750                __pre_init_runtime_init_early_resets
 .preinit_array.00101
                0x10001754        0x4 CMakeFiles/sensor_controller.dir/pico-sdk/src/rp2_common/pico_runtime_init/runtime_init.c.obj
                0x10001754                __pre_init_runtime_init_usb_power_down
 .preinit_array.00275
                0x10001758        0x4 CMakeFiles/sensor_controller.dir/pico-sdk/src/rp2_common/pico_bit_ops/bit_ops_aeabi.S.obj
 .preinit_array.00300
                0x1000175c        0x4 CMakeFiles/sensor_controller.dir/pico-sdk/src/rp2_common/pico_mem_ops/mem_ops_aeabi.S.obj
 .preinit_array.00350
                0x10001760        0x4 CMakeFiles/sensor_controller.dir/pico-sdk/src/rp2_common/pico_double/double_aeabi_rp2040.S.obj
 .preinit_array.00350
                0x10001764        0x4 CMakeFiles/sensor_controller.dir/pico-sdk/src/rp2_common/pico_float/float_aeabi_rp2040.S.obj
 .preinit_array.00500
                0x10001768        0x4 CMakeFiles/sensor_controller.dir/pico-sdk/src/rp2_common/pico_runtime_init/runtime_init.c.obj
                0x10001768                __pre_init_runtime_init_clocks
 .preinit_array.00600
                0x1000176c        0x4 CMakeFiles/sensor_controller.dir/pico-sdk/src/rp2_common/pico_runtime_init/runtime_init.c.obj
                0x1000176c                __pre_init_runtime_init_post_clock_resets
 .preinit_array.00700
                0x10001770        0x4 CMakeFiles/sensor_controller.dir/pico-sdk/src/rp2_common/pico_runtime_init/runtime_init.c.obj
                0x10001770                __pre_init_runtime_init_rp2040_gpio_ie_disable
 .preinit_array.01000
                0x10001774        0x4 CMakeFiles/sensor_controller.dir/pico-sdk/src/rp2_common/pico_runtime_init/runtime_init.c.obj
                0x10001774                __pre_init_runtime_init_spin_locks_reset
 .preinit_array.01100
                0x10001778        0x4 CMakeFiles/sensor_controller.dir/pico-sdk/src/common/pico_sync/mutex.c.obj
                0x10001778                __pre_init_runtime_init_mutex
 .preinit_array.10080
                0x1000177c        0x4 CMakeFiles/sensor_controller.dir/pico-sdk/src/rp2_common/pico_runtime_init/runtime_init.c.obj
                0x1000177c                __pre_init_runtime_init_install_ram_vector_table
 .preinit_array.11000
                0x10001780        0x4 CMakeFiles/sensor_controller.dir/pico-sdk/src/common/pico_time/time.c.obj
                0x10001780                __pre_init_runtime_init_default_alarm_pool
 .preinit_array.YYYYY
                0x10001784        0x4 CMakeFiles/sensor_controller.dir/pico-sdk/src/rp2_common/pico_runtime/runtime.c.obj
                0x10001784                __pre_init_first_per_core_initializer
 .preinit_array.ZZZZZ.01200
                0x10001788        0x4 CMakeFiles/sensor_controller.dir/pico-sdk/src/rp2_common/hardware_irq/irq.c.obj
                0x10001788                __pre_init_runtime_init_per_core_irq_priorities
 *(.preinit_array)
                0x1000178c                        PROVIDE (__preinit_array_end = .)
                0x1000178c                        . = ALIGN (0x4)
                0x1000178c                        PROVIDE (__init_array_start = .)
 *(SORT_BY_NAME(.init_array.*))
 *(.init_array)
 .init_array    0x1000178c        0x4 C:/PROGRA~2/ARMGNU~1/14EFD8~1.2RE/bin/../lib/gcc/arm-none-eabi/14.2.1/thumb/v6-m/nofp/crtbegin.o
 .init_array    0x10001790        0x4 CMakeFiles/sensor_controller.dir/pico-sdk/src/rp2_common/pico_unique_id/unique_id.c.obj
                0x10001794                        PROVIDE (__init_array_end = .)
                0x10001794                        . = ALIGN (0x4)
                [!provide]                        PROVIDE (__fini_array_start = .)
 *(SORT_BY_NAME(.fini_array.*))
 *(.fini_array)
                [!provide]                        PROVIDE (__fini_array_end = .)
 *(.eh_frame*)
 .eh_frame      0x10001794        0x0 C:/PROGRA~2/ARMGNU~1/14EFD8~1.2RE/bin/../lib/gcc/arm-none-eabi/14.2.1/thumb/v6-m/nofp/crtbegin.o
                0x10001794                        . = ALIGN (0x4)

.glue_7         0x10001794        0x0
 .glue_7        0x10001794        0x0 linker stubs

.glue_7t        0x10001794        0x0
 .glue_7t       0x10001794        0x0 linker stubs

.vfp11_veneer   0x10001794        0x0
 .vfp11_veneer  0x10001794        0x0 linker stubs

.v4_bx          0x10001794        0x0
 .v4_bx         0x10001794        0x0 linker stubs

.iplt           0x10001794        0x0
 .iplt          0x10001794        0x0 C:/PROGRA~2/ARMGNU~1/14EFD8~1.2RE/bin/../lib/gcc/arm-none-eabi/14.2.1/thumb/v6-m/nofp/crtbegin.o

.rodata         0x10001794       0xe4
 *(EXCLUDE_FILE(*libm.a: *libc.a:*lib_a-mem*.o *libgcc.a:) .rodata*)
 .rodata.panic.str1.4
                0x10001794       0x8c CMakeFiles/sensor_controller.dir/pico-sdk/src/rp2_common/pico_platform_panic/panic.c.obj
                                 0x12 (size before relaxing)
 .rodata.timer_hardware_alarm_claim.str1.4
                0x10001820       0x22 CMakeFiles/sensor_controller.dir/pico-sdk/src/rp2_common/hardware_timer/timer.c.obj
 .rodata.hard_assertion_failure.str1.4
                0x10001820        0xc CMakeFiles/sensor_controller.dir/pico-sdk/src/rp2_common/pico_runtime/runtime.c.obj
 .rodata.str1.4
                0x10001820       0x48 CMakeFiles/sensor_controller.dir/pico-sdk/src/rp2_common/pico_standard_binary_info/standard_binary_info.c.obj
 .rodata.__bi_84
                0x10001820        0xc CMakeFiles/sensor_controller.dir/pico-sdk/src/rp2_common/pico_standard_binary_info/standard_binary_info.c.obj
 .rodata.__bi_78
                0x1000182c        0xc CMakeFiles/sensor_controller.dir/pico-sdk/src/rp2_common/pico_standard_binary_info/standard_binary_info.c.obj
 .rodata.__bi_54
                0x10001838        0xc CMakeFiles/sensor_controller.dir/pico-sdk/src/rp2_common/pico_standard_binary_info/standard_binary_info.c.obj
 .rodata.__bi_48
                0x10001844        0xc CMakeFiles/sensor_controller.dir/pico-sdk/src/rp2_common/pico_standard_binary_info/standard_binary_info.c.obj
 .rodata.__bi_42
                0x10001850        0xc CMakeFiles/sensor_controller.dir/pico-sdk/src/rp2_common/pico_standard_binary_info/standard_binary_info.c.obj
 .rodata.__bi_34
                0x1000185c        0xc CMakeFiles/sensor_controller.dir/pico-sdk/src/rp2_common/pico_standard_binary_info/standard_binary_info.c.obj
 .rodata.__bi_26
                0x10001868        0xc CMakeFiles/sensor_controller.dir/pico-sdk/src/rp2_common/pico_standard_binary_info/standard_binary_info.c.obj
 .rodata.crlf_str.0
                0x10001874        0x2 CMakeFiles/sensor_controller.dir/pico-sdk/src/rp2_common/pico_stdio/stdio.c.obj
                0x10001878                        . = ALIGN (0x4)
 *fill*         0x10001876        0x2 
 *(SORT_BY_ALIGNMENT(SORT_BY_NAME(.flashdata*)))
                0x10001878                        . = ALIGN (0x4)

.ARM.extab
 *(.ARM.extab* .gnu.linkonce.armextab.*)
                0x10001878                        __exidx_start = .

.ARM.exidx
 *(.ARM.exidx* .gnu.linkonce.armexidx.*)
                0x10001878                        __exidx_end = .
                0x10001878                        . = ALIGN (0x4)
                0x10001878                        __binary_info_start = .

.binary_info    0x10001878       0x1c
 *(.binary_info.keep.*)
 .binary_info.keep.__bi_ptr84
                0x10001878        0x4 CMakeFiles/sensor_controller.dir/pico-sdk/src/rp2_common/pico_standard_binary_info/standard_binary_info.c.obj
 .binary_info.keep.__bi_ptr78
                0x1000187c        0x4 CMakeFiles/sensor_controller.dir/pico-sdk/src/rp2_common/pico_standard_binary_info/standard_binary_info.c.obj
 .binary_info.keep.__bi_ptr54
                0x10001880        0x4 CMakeFiles/sensor_controller.dir/pico-sdk/src/rp2_common/pico_standard_binary_info/standard_binary_info.c.obj
 .binary_info.keep.__bi_ptr48
                0x10001884        0x4 CMakeFiles/sensor_controller.dir/pico-sdk/src/rp2_common/pico_standard_binary_info/standard_binary_info.c.obj
 .binary_info.keep.__bi_ptr42
                0x10001888        0x4 CMakeFiles/sensor_controller.dir/pico-sdk/src/rp2_common/pico_standard_binary_info/standard_binary_info.c.obj
 .binary_info.keep.__bi_ptr34
                0x1000188c        0x4 CMakeFiles/sensor_controller.dir/pico-sdk/src/rp2_common/pico_standard_binary_info/standard_binary_info.c.obj
 .binary_info.keep.__bi_ptr26
                0x10001890        0x4 CMakeFiles/sensor_controller.dir/pico-sdk/src/rp2_common/pico_standard_binary_info/standard_binary_info.c.obj
 *(.binary_info.*)
                0x10001894                        __binary_info_end = .

.rel.dyn        0x10001894        0x0
 .rel.iplt      0x10001894        0x0 C:/PROGRA~2/ARMGNU~1/14EFD8~1.2RE/bin/../lib/gcc/arm-none-eabi/14.2.1/thumb/v6-m/nofp/crtbegin.o
                0x10001894                        . = ALIGN (0x4)

.ram_vector_table
                0x20000000       0xc0
 *(.ram_vector_table)
 .ram_vector_table
                0x20000000       0xc0 CMakeFiles/sensor_controller.dir/pico-sdk/src/rp2_common/pico_runtime_init/runtime_init.c.obj
                0x20000000                ram_vector_table

.uninitialized_data
                0x200000c0        0x0
                0x200000c0                        . = ALIGN (0x4)
 *(.uninitialized_data*)

.data           0x200000c0      0x2c8 load address 0x10001894
                0x200000c0                        __data_start__ = .
 *(vtable)
 *(.time_critical*)
 .time_critical.mutex_try_enter_block_until
                0x200000c0       0x98 CMakeFiles/sensor_controller.dir/pico-sdk/src/common/pico_sync/mutex.c.obj
                0x200000c0                mutex_try_enter_block_until
 .time_critical.mutex_exit
                0x20000158       0x28 CMakeFiles/sensor_controller.dir/pico-sdk/src/common/pico_sync/mutex.c.obj
                0x20000158                mutex_exit
 .time_critical.flash_init_boot2_copyout
                0x20000180       0x30 CMakeFiles/sensor_controller.dir/pico-sdk/src/rp2_common/hardware_flash/flash.c.obj
 .time_critical.flash_enable_xip_via_boot2
                0x200001b0        0xc CMakeFiles/sensor_controller.dir/pico-sdk/src/rp2_common/hardware_flash/flash.c.obj
 .time_critical.flash_cs_force
                0x200001bc       0x38 CMakeFiles/sensor_controller.dir/pico-sdk/src/rp2_common/hardware_flash/flash.c.obj
 .time_critical.flash_do_cmd
                0x200001f4      0x130 CMakeFiles/sensor_controller.dir/pico-sdk/src/rp2_common/hardware_flash/flash.c.obj
                0x200001f4                flash_do_cmd
 *(.text*)
 .text          0x20000324        0x4 C:/PROGRA~2/ARMGNU~1/14EFD8~1.2RE/bin/../lib/gcc/arm-none-eabi/14.2.1/thumb/v6-m/nofp\libgcc.a(_dvmd_tls.o)
                0x20000324                __aeabi_idiv0
                0x20000324                __aeabi_ldiv0
 .text.__stub   0x20000328       0x10 linker stubs
                0x20000338                        . = ALIGN (0x4)
 *(.rodata*)
                0x20000338                        . = ALIGN (0x4)
 *(.data*)
 .data.striped_spin_lock_num
                0x20000338        0x1 CMakeFiles/sensor_controller.dir/pico-sdk/src/rp2_common/hardware_sync/sync.c.obj
 *fill*         0x20000339        0x3 
 .data.default_alarm_pool
                0x2000033c       0x18 CMakeFiles/sensor_controller.dir/pico-sdk/src/common/pico_time/time.c.obj
 *fill*         0x20000354        0xc 
 .data.aeabi_bits_funcs
                0x20000360       0x10 CMakeFiles/sensor_controller.dir/pico-sdk/src/rp2_common/pico_bit_ops/bit_ops_aeabi.S.obj
                0x20000360                aeabi_bits_funcs
                0x20000370                aeabi_bits_funcs_end
 .data.aeabi_mem_funcs
                0x20000370       0x10 CMakeFiles/sensor_controller.dir/pico-sdk/src/rp2_common/pico_mem_ops/mem_ops_aeabi.S.obj
                0x20000370                aeabi_mem_funcs
                0x20000380                aeabi_mem_funcs_end
                0x20000380                        . = ALIGN (0x4)
 *(.after_data.*)
                0x20000380                        . = ALIGN (0x4)
                0x20000380                        PROVIDE (__mutex_array_start = .)
 *(SORT_BY_NAME(.mutex_array.*))
 *(.mutex_array)
 .mutex_array   0x20000380        0x8 CMakeFiles/sensor_controller.dir/pico-sdk/src/rp2_common/pico_stdio/stdio.c.obj
                0x20000388                        PROVIDE (__mutex_array_end = .)
                0x20000388                        . = ALIGN (0x4)
 *(.jcr)
                0x20000388                        . = ALIGN (0x4)

.tm_clone_table
                0x20000388        0x0 load address 0x10001b5c
 .tm_clone_table
                0x20000388        0x0 C:/PROGRA~2/ARMGNU~1/14EFD8~1.2RE/bin/../lib/gcc/arm-none-eabi/14.2.1/thumb/v6-m/nofp/crtbegin.o
 .tm_clone_table
                0x20000388        0x0 C:/PROGRA~2/ARMGNU~1/14EFD8~1.2RE/bin/../lib/gcc/arm-none-eabi/14.2.1/thumb/v6-m/nofp/crtend.o

.igot.plt       0x20000388        0x0 load address 0x10001b5c
 .igot.plt      0x20000388        0x0 C:/PROGRA~2/ARMGNU~1/14EFD8~1.2RE/bin/../lib/gcc/arm-none-eabi/14.2.1/thumb/v6-m/nofp/crtbegin.o

.tdata          0x20000388        0x0 load address 0x10001b5c
                0x20000388                        . = ALIGN (0x4)
 *(.tdata .tdata.* .gnu.linkonce.td.*)
                0x20000388                        __tdata_end = .
                0x20000388                        PROVIDE (__data_end__ = .)
                0x10001894                        __etext = LOADADDR (.data)

.tbss           0x20000388        0x0 load address 0x10001b5c
                0x20000388                        . = ALIGN (0x4)
                0x20000388                        __bss_start__ = .
                0x20000388                        __tls_base = .
 *(.tbss .tbss.* .gnu.linkonce.tb.*)
 *(.tcommon)
                0x20000388                        __tls_end = .

.bss            0x20000388      0x4f4 load address 0x10001b5c
                0x20000388                        . = ALIGN (0x4)
                0x20000388                        __tbss_end = .
 *(SORT_BY_ALIGNMENT(SORT_BY_NAME(.bss*)))
 .bss.default_alarm_pool_entries
                0x20000388      0x180 CMakeFiles/sensor_controller.dir/pico-sdk/src/common/pico_time/time.c.obj
 .bss.sd_table  0x20000508      0x100 CMakeFiles/sensor_controller.dir/pico-sdk/src/rp2_common/pico_double/double_init_rom_rp2040.c.obj
                0x20000508                sd_table
 .bss.sf_table  0x20000608      0x100 CMakeFiles/sensor_controller.dir/pico-sdk/src/rp2_common/pico_float/float_init_rom_rp2040.c.obj
                0x20000608                sf_table
 .bss.boot2_copyout
                0x20000708      0x100 CMakeFiles/sensor_controller.dir/pico-sdk/src/rp2_common/hardware_flash/flash.c.obj
 .bss.claimed   0x20000808        0x1 CMakeFiles/sensor_controller.dir/pico-sdk/src/rp2_common/hardware_timer/timer.c.obj
 *fill*         0x20000809        0x3 
 .bss.configured_freq
                0x2000080c       0x28 CMakeFiles/sensor_controller.dir/pico-sdk/src/rp2_common/hardware_clocks/clocks.c.obj
 .bss.drivers   0x20000834        0x4 CMakeFiles/sensor_controller.dir/pico-sdk/src/rp2_common/pico_stdio/stdio.c.obj
 .bss.filter    0x20000838        0x4 CMakeFiles/sensor_controller.dir/pico-sdk/src/rp2_common/pico_stdio/stdio.c.obj
 .bss.lazy_vsnprintf
                0x2000083c        0x4 CMakeFiles/sensor_controller.dir/pico-sdk/src/rp2_common/pico_printf/printf.c.obj
 .bss.object.0  0x20000840       0x18 C:/PROGRA~2/ARMGNU~1/14EFD8~1.2RE/bin/../lib/gcc/arm-none-eabi/14.2.1/thumb/v6-m/nofp/crtbegin.o
 .bss.pools     0x20000858       0x10 CMakeFiles/sensor_controller.dir/pico-sdk/src/common/pico_time/time.c.obj
 .bss.retrieved_id
                0x20000868        0x8 CMakeFiles/sensor_controller.dir/pico-sdk/src/rp2_common/pico_unique_id/unique_id.c.obj
 .bss.sf_clz_func
                0x20000870        0x4 CMakeFiles/sensor_controller.dir/pico-sdk/src/rp2_common/pico_double/double_init_rom_rp2040.c.obj
                0x20000870                sf_clz_func
 .bss.sleep_notifier
                0x20000874        0x4 CMakeFiles/sensor_controller.dir/pico-sdk/src/common/pico_time/time.c.obj
 .bss.boot2_copyout_valid
                0x20000878        0x1 CMakeFiles/sensor_controller.dir/pico-sdk/src/rp2_common/hardware_flash/flash.c.obj
 *(COMMON)
                0x2000087c                        . = ALIGN (0x4)
 *fill*         0x20000879        0x3 
                0x2000087c                        __bss_end__ = .

.heap           0x2000087c      0x800 load address 0x10001b5c
                0x2000087c                        __end__ = .
                0x2000087c                        end = __end__
 *(.heap*)
 .heap          0x2000087c      0x800 CMakeFiles/sensor_controller.dir/pico-sdk/src/rp2_common/pico_crt0/crt0.S.obj
                0x20040000                        __HeapLimit = (ORIGIN (RAM) + LENGTH (RAM))

.scratch_x      0x20040000        0x0 load address 0x10001b5c
                0x20040000                        __scratch_x_start__ = .
 *(.scratch_x.*)
                0x20040000                        . = ALIGN (0x4)
                0x20040000                        __scratch_x_end__ = .
                0x10001b5c                        __scratch_x_source__ = LOADADDR (.scratch_x)

.scratch_y      0x20041000        0x0 load address 0x10001b5c
                0x20041000                        __scratch_y_start__ = .
 *(.scratch_y.*)
                0x20041000                        . = ALIGN (0x4)
                0x20041000                        __scratch_y_end__ = .
                0x10001b5c                        __scratch_y_source__ = LOADADDR (.scratch_y)

.stack1_dummy
 *(.stack1*)

.stack_dummy    0x20041000      0x800
 *(.stack*)
 .stack         0x20041000      0x800 CMakeFiles/sensor_controller.dir/pico-sdk/src/rp2_common/pico_crt0/crt0.S.obj

.flash_end      0x10001b5c        0x0
 *(.embedded_end_block*)
                0x10001b5c                        PROVIDE (__flash_binary_end = .)
                0x20040000                        __StackLimit = (ORIGIN (RAM) + LENGTH (RAM))
                0x20041000                        __StackOneTop = (ORIGIN (SCRATCH_X) + LENGTH (SCRATCH_X))
                0x20042000                        __StackTop = (ORIGIN (SCRATCH_Y) + LENGTH (SCRATCH_Y))
                0x20041000                        __StackOneBottom = (__StackOneTop - SIZEOF (.stack1_dummy))
                0x20041800                        __StackBottom = (__StackTop - SIZEOF (.stack_dummy))
                0x20042000                        PROVIDE (__stack = __StackTop)
                [!provide]                        PROVIDE (__heap_start = __end__)
                [!provide]                        PROVIDE (__heap_end = __HeapLimit)
                [!provide]                        PROVIDE (__tls_align = MAX (ALIGNOF (.tdata), ALIGNOF (.tbss)))
                [!provide]                        PROVIDE (__tls_size_align = (((__tls_size + __tls_align) - 0x1) & ~ ((__tls_align - 0x1))))
                [!provide]                        PROVIDE (__arm32_tls_tcb_offset = MAX (0x8, __tls_align))
                [!provide]                        PROVIDE (_end = __end__)
                [!provide]                        PROVIDE (__llvm_libc_heap_limit = __HeapLimit)
                0x00000001                        ASSERT ((__StackLimit >= __HeapLimit), region RAM overflowed)
                0x00000001                        ASSERT (((__binary_info_header_end - __logical_binary_start) <= 0x100), Binary info must be in first 256 bytes of the binary)
LOAD CMakeFiles/sensor_controller.dir/src/main.cpp.obj
LOAD CMakeFiles/sensor_controller.dir/pico-sdk/src/rp2_common/pico_stdlib/stdlib.c.obj
LOAD CMakeFiles/sensor_controller.dir/pico-sdk/src/rp2_common/hardware_gpio/gpio.c.obj
LOAD CMakeFiles/sensor_controller.dir/pico-sdk/src/rp2040/pico_platform/platform.c.obj
LOAD CMakeFiles/sensor_controller.dir/pico-sdk/src/rp2_common/pico_platform_panic/panic.c.obj
LOAD CMakeFiles/sensor_controller.dir/pico-sdk/src/common/hardware_claim/claim.c.obj
LOAD CMakeFiles/sensor_controller.dir/pico-sdk/src/rp2_common/hardware_sync/sync.c.obj
LOAD CMakeFiles/sensor_controller.dir/pico-sdk/src/rp2_common/hardware_sync_spin_lock/sync_spin_lock.c.obj
LOAD CMakeFiles/sensor_controller.dir/pico-sdk/src/rp2_common/hardware_irq/irq.c.obj
LOAD CMakeFiles/sensor_controller.dir/pico-sdk/src/rp2_common/hardware_irq/irq_handler_chain.S.obj
LOAD CMakeFiles/sensor_controller.dir/pico-sdk/src/common/pico_sync/sem.c.obj
LOAD CMakeFiles/sensor_controller.dir/pico-sdk/src/common/pico_sync/lock_core.c.obj
LOAD CMakeFiles/sensor_controller.dir/pico-sdk/src/common/pico_sync/mutex.c.obj
LOAD CMakeFiles/sensor_controller.dir/pico-sdk/src/common/pico_sync/critical_section.c.obj
LOAD CMakeFiles/sensor_controller.dir/pico-sdk/src/common/pico_time/time.c.obj
LOAD CMakeFiles/sensor_controller.dir/pico-sdk/src/common/pico_time/timeout_helper.c.obj
LOAD CMakeFiles/sensor_controller.dir/pico-sdk/src/rp2_common/hardware_timer/timer.c.obj
LOAD CMakeFiles/sensor_controller.dir/pico-sdk/src/common/pico_util/datetime.c.obj
LOAD CMakeFiles/sensor_controller.dir/pico-sdk/src/common/pico_util/pheap.c.obj
LOAD CMakeFiles/sensor_controller.dir/pico-sdk/src/common/pico_util/queue.c.obj
LOAD CMakeFiles/sensor_controller.dir/pico-sdk/src/rp2_common/hardware_uart/uart.c.obj
LOAD CMakeFiles/sensor_controller.dir/pico-sdk/src/rp2_common/hardware_clocks/clocks.c.obj
LOAD CMakeFiles/sensor_controller.dir/pico-sdk/src/rp2_common/hardware_pll/pll.c.obj
LOAD CMakeFiles/sensor_controller.dir/pico-sdk/src/rp2_common/hardware_vreg/vreg.c.obj
LOAD CMakeFiles/sensor_controller.dir/pico-sdk/src/rp2_common/hardware_watchdog/watchdog.c.obj
LOAD CMakeFiles/sensor_controller.dir/pico-sdk/src/rp2_common/hardware_ticks/ticks.c.obj
LOAD CMakeFiles/sensor_controller.dir/pico-sdk/src/rp2_common/pico_bootrom/bootrom.c.obj
LOAD CMakeFiles/sensor_controller.dir/pico-sdk/src/rp2_common/pico_bootrom/bootrom_lock.c.obj
LOAD CMakeFiles/sensor_controller.dir/pico-sdk/src/rp2_common/hardware_boot_lock/boot_lock.c.obj
LOAD CMakeFiles/sensor_controller.dir/pico-sdk/src/rp2_common/pico_flash/flash.c.obj
LOAD CMakeFiles/sensor_controller.dir/pico-sdk/src/rp2_common/hardware_xosc/xosc.c.obj
LOAD CMakeFiles/sensor_controller.dir/pico-sdk/src/rp2_common/hardware_divider/divider.S.obj
LOAD CMakeFiles/sensor_controller.dir/pico-sdk/src/rp2_common/pico_runtime/runtime.c.obj
LOAD CMakeFiles/sensor_controller.dir/pico-sdk/src/rp2_common/pico_runtime_init/runtime_init.c.obj
LOAD CMakeFiles/sensor_controller.dir/pico-sdk/src/rp2_common/pico_runtime_init/runtime_init_clocks.c.obj
LOAD CMakeFiles/sensor_controller.dir/pico-sdk/src/rp2_common/pico_runtime_init/runtime_init_stack_guard.c.obj
LOAD CMakeFiles/sensor_controller.dir/pico-sdk/src/rp2_common/pico_bit_ops/bit_ops_aeabi.S.obj
LOAD CMakeFiles/sensor_controller.dir/pico-sdk/src/rp2_common/pico_divider/divider_hardware.S.obj
LOAD CMakeFiles/sensor_controller.dir/pico-sdk/src/rp2_common/pico_double/double_aeabi_rp2040.S.obj
LOAD CMakeFiles/sensor_controller.dir/pico-sdk/src/rp2_common/pico_double/double_init_rom_rp2040.c.obj
LOAD CMakeFiles/sensor_controller.dir/pico-sdk/src/rp2_common/pico_double/double_math.c.obj
LOAD CMakeFiles/sensor_controller.dir/pico-sdk/src/rp2_common/pico_double/double_v1_rom_shim_rp2040.S.obj
LOAD CMakeFiles/sensor_controller.dir/pico-sdk/src/rp2_common/pico_int64_ops/pico_int64_ops_aeabi.S.obj
LOAD CMakeFiles/sensor_controller.dir/pico-sdk/src/rp2_common/pico_float/float_aeabi_rp2040.S.obj
LOAD CMakeFiles/sensor_controller.dir/pico-sdk/src/rp2_common/pico_float/float_init_rom_rp2040.c.obj
LOAD CMakeFiles/sensor_controller.dir/pico-sdk/src/rp2_common/pico_float/float_math.c.obj
LOAD CMakeFiles/sensor_controller.dir/pico-sdk/src/rp2_common/pico_float/float_v1_rom_shim_rp2040.S.obj
LOAD CMakeFiles/sensor_controller.dir/pico-sdk/src/rp2_common/pico_malloc/malloc.c.obj
LOAD CMakeFiles/sensor_controller.dir/pico-sdk/src/rp2_common/pico_mem_ops/mem_ops_aeabi.S.obj
LOAD CMakeFiles/sensor_controller.dir/pico-sdk/src/rp2_common/pico_atomic/atomic.c.obj
LOAD CMakeFiles/sensor_controller.dir/pico-sdk/src/rp2_common/pico_cxx_options/new_delete.cpp.obj
LOAD CMakeFiles/sensor_controller.dir/pico-sdk/src/rp2_common/pico_standard_binary_info/standard_binary_info.c.obj
LOAD CMakeFiles/sensor_controller.dir/pico-sdk/src/rp2_common/pico_printf/printf.c.obj
LOAD CMakeFiles/sensor_controller.dir/pico-sdk/src/rp2_common/pico_crt0/crt0.S.obj
LOAD CMakeFiles/sensor_controller.dir/pico-sdk/src/rp2_common/pico_clib_interface/newlib_interface.c.obj
LOAD CMakeFiles/sensor_controller.dir/pico-sdk/src/rp2_common/pico_stdio/stdio.c.obj
LOAD CMakeFiles/sensor_controller.dir/pico-sdk/src/rp2_common/pico_stdio_usb/reset_interface.c.obj
LOAD CMakeFiles/sensor_controller.dir/pico-sdk/src/rp2_common/pico_stdio_usb/stdio_usb.c.obj
LOAD CMakeFiles/sensor_controller.dir/pico-sdk/src/rp2_common/pico_stdio_usb/stdio_usb_descriptors.c.obj
LOAD CMakeFiles/sensor_controller.dir/pico-sdk/src/rp2_common/pico_unique_id/unique_id.c.obj
LOAD CMakeFiles/sensor_controller.dir/pico-sdk/src/rp2_common/hardware_flash/flash.c.obj
LOAD CMakeFiles/sensor_controller.dir/pico-sdk/src/rp2_common/hardware_xip_cache/xip_cache.c.obj
LOAD CMakeFiles/sensor_controller.dir/pico-sdk/lib/tinyusb/src/portable/raspberrypi/rp2040/dcd_rp2040.c.obj
LOAD CMakeFiles/sensor_controller.dir/pico-sdk/lib/tinyusb/src/portable/raspberrypi/rp2040/rp2040_usb.c.obj
LOAD CMakeFiles/sensor_controller.dir/pico-sdk/lib/tinyusb/src/device/usbd.c.obj
LOAD CMakeFiles/sensor_controller.dir/pico-sdk/lib/tinyusb/src/device/usbd_control.c.obj
LOAD CMakeFiles/sensor_controller.dir/pico-sdk/lib/tinyusb/src/class/audio/audio_device.c.obj
LOAD CMakeFiles/sensor_controller.dir/pico-sdk/lib/tinyusb/src/class/cdc/cdc_device.c.obj
LOAD CMakeFiles/sensor_controller.dir/pico-sdk/lib/tinyusb/src/class/dfu/dfu_device.c.obj
LOAD CMakeFiles/sensor_controller.dir/pico-sdk/lib/tinyusb/src/class/dfu/dfu_rt_device.c.obj
LOAD CMakeFiles/sensor_controller.dir/pico-sdk/lib/tinyusb/src/class/hid/hid_device.c.obj
LOAD CMakeFiles/sensor_controller.dir/pico-sdk/lib/tinyusb/src/class/midi/midi_device.c.obj
LOAD CMakeFiles/sensor_controller.dir/pico-sdk/lib/tinyusb/src/class/msc/msc_device.c.obj
LOAD CMakeFiles/sensor_controller.dir/pico-sdk/lib/tinyusb/src/class/net/ecm_rndis_device.c.obj
LOAD CMakeFiles/sensor_controller.dir/pico-sdk/lib/tinyusb/src/class/net/ncm_device.c.obj
LOAD CMakeFiles/sensor_controller.dir/pico-sdk/lib/tinyusb/src/class/usbtmc/usbtmc_device.c.obj
LOAD CMakeFiles/sensor_controller.dir/pico-sdk/lib/tinyusb/src/class/vendor/vendor_device.c.obj
LOAD CMakeFiles/sensor_controller.dir/pico-sdk/lib/tinyusb/src/class/video/video_device.c.obj
LOAD CMakeFiles/sensor_controller.dir/pico-sdk/lib/tinyusb/src/tusb.c.obj
LOAD CMakeFiles/sensor_controller.dir/pico-sdk/lib/tinyusb/src/common/tusb_fifo.c.obj
LOAD CMakeFiles/sensor_controller.dir/pico-sdk/src/rp2_common/pico_fix/rp2040_usb_device_enumeration/rp2040_usb_device_enumeration.c.obj
LOAD pico-sdk/src/rp2040/boot_stage2/CMakeFiles/bs2_default_library.dir/./bs2_default_padded_checksummed.S.obj
LOAD C:/PROGRA~2/ARMGNU~1/14EFD8~1.2RE/bin/../lib/gcc/arm-none-eabi/14.2.1/thumb/v6-m/nofp\libstdc++.a
LOAD C:/PROGRA~2/ARMGNU~1/14EFD8~1.2RE/bin/../lib/gcc/arm-none-eabi/14.2.1/thumb/v6-m/nofp\libm.a
START GROUP
LOAD C:/PROGRA~2/ARMGNU~1/14EFD8~1.2RE/bin/../lib/gcc/arm-none-eabi/14.2.1/thumb/v6-m/nofp\libgcc.a
LOAD C:/PROGRA~2/ARMGNU~1/14EFD8~1.2RE/bin/../lib/gcc/arm-none-eabi/14.2.1/thumb/v6-m/nofp\libg.a
LOAD C:/PROGRA~2/ARMGNU~1/14EFD8~1.2RE/bin/../lib/gcc/arm-none-eabi/14.2.1/thumb/v6-m/nofp\libc.a
END GROUP
START GROUP
LOAD C:/PROGRA~2/ARMGNU~1/14EFD8~1.2RE/bin/../lib/gcc/arm-none-eabi/14.2.1/thumb/v6-m/nofp\libgcc.a
LOAD C:/PROGRA~2/ARMGNU~1/14EFD8~1.2RE/bin/../lib/gcc/arm-none-eabi/14.2.1/thumb/v6-m/nofp\libc.a
LOAD C:/PROGRA~2/ARMGNU~1/14EFD8~1.2RE/bin/../lib/gcc/arm-none-eabi/14.2.1/thumb/v6-m/nofp\libnosys.a
END GROUP
LOAD C:/PROGRA~2/ARMGNU~1/14EFD8~1.2RE/bin/../lib/gcc/arm-none-eabi/14.2.1/thumb/v6-m/nofp/crtend.o
LOAD C:/PROGRA~2/ARMGNU~1/14EFD8~1.2RE/bin/../lib/gcc/arm-none-eabi/14.2.1/thumb/v6-m/nofp/crtn.o
OUTPUT(sensor_controller.elf elf32-littlearm)
LOAD linker stubs

.ARM.attributes
                0x00000000       0x28
 .ARM.attributes
                0x00000000       0x1e C:/PROGRA~2/ARMGNU~1/14EFD8~1.2RE/bin/../lib/gcc/arm-none-eabi/14.2.1/thumb/v6-m/nofp/crti.o
 .ARM.attributes
                0x0000001e       0x2c C:/PROGRA~2/ARMGNU~1/14EFD8~1.2RE/bin/../lib/gcc/arm-none-eabi/14.2.1/thumb/v6-m/nofp/crtbegin.o
 .ARM.attributes
                0x0000004a       0x2c CMakeFiles/sensor_controller.dir/src/main.cpp.obj
 .ARM.attributes
                0x00000076       0x2c CMakeFiles/sensor_controller.dir/pico-sdk/src/rp2_common/hardware_gpio/gpio.c.obj
 .ARM.attributes
                0x000000a2       0x2c CMakeFiles/sensor_controller.dir/pico-sdk/src/rp2_common/pico_platform_panic/panic.c.obj
 .ARM.attributes
                0x000000ce       0x2c CMakeFiles/sensor_controller.dir/pico-sdk/src/common/hardware_claim/claim.c.obj
 .ARM.attributes
                0x000000fa       0x2c CMakeFiles/sensor_controller.dir/pico-sdk/src/rp2_common/hardware_sync/sync.c.obj
 .ARM.attributes
                0x00000126       0x2c CMakeFiles/sensor_controller.dir/pico-sdk/src/rp2_common/hardware_sync_spin_lock/sync_spin_lock.c.obj
 .ARM.attributes
                0x00000152       0x2c CMakeFiles/sensor_controller.dir/pico-sdk/src/rp2_common/hardware_irq/irq.c.obj
 .ARM.attributes
                0x0000017e       0x2c CMakeFiles/sensor_controller.dir/pico-sdk/src/common/pico_sync/lock_core.c.obj
 .ARM.attributes
                0x000001aa       0x2c CMakeFiles/sensor_controller.dir/pico-sdk/src/common/pico_sync/mutex.c.obj
 .ARM.attributes
                0x000001d6       0x2c CMakeFiles/sensor_controller.dir/pico-sdk/src/common/pico_time/time.c.obj
 .ARM.attributes
                0x00000202       0x2c CMakeFiles/sensor_controller.dir/pico-sdk/src/rp2_common/hardware_timer/timer.c.obj
 .ARM.attributes
                0x0000022e       0x2c CMakeFiles/sensor_controller.dir/pico-sdk/src/rp2_common/hardware_clocks/clocks.c.obj
 .ARM.attributes
                0x0000025a       0x2c CMakeFiles/sensor_controller.dir/pico-sdk/src/rp2_common/hardware_pll/pll.c.obj
 .ARM.attributes
                0x00000286       0x2c CMakeFiles/sensor_controller.dir/pico-sdk/src/rp2_common/hardware_ticks/ticks.c.obj
 .ARM.attributes
                0x000002b2       0x2c CMakeFiles/sensor_controller.dir/pico-sdk/src/rp2_common/pico_bootrom/bootrom.c.obj
 .ARM.attributes
                0x000002de       0x2c CMakeFiles/sensor_controller.dir/pico-sdk/src/rp2_common/hardware_xosc/xosc.c.obj
 .ARM.attributes
                0x0000030a       0x2c CMakeFiles/sensor_controller.dir/pico-sdk/src/rp2_common/pico_runtime/runtime.c.obj
 .ARM.attributes
                0x00000336       0x2c CMakeFiles/sensor_controller.dir/pico-sdk/src/rp2_common/pico_runtime_init/runtime_init.c.obj
 .ARM.attributes
                0x00000362       0x2c CMakeFiles/sensor_controller.dir/pico-sdk/src/rp2_common/pico_runtime_init/runtime_init_clocks.c.obj
 .ARM.attributes
                0x0000038e       0x22 CMakeFiles/sensor_controller.dir/pico-sdk/src/rp2_common/pico_bit_ops/bit_ops_aeabi.S.obj
 .ARM.attributes
                0x000003b0       0x22 CMakeFiles/sensor_controller.dir/pico-sdk/src/rp2_common/pico_divider/divider_hardware.S.obj
 .ARM.attributes
                0x000003d2       0x22 CMakeFiles/sensor_controller.dir/pico-sdk/src/rp2_common/pico_double/double_aeabi_rp2040.S.obj
 .ARM.attributes
                0x000003f4       0x2c CMakeFiles/sensor_controller.dir/pico-sdk/src/rp2_common/pico_double/double_init_rom_rp2040.c.obj
 .ARM.attributes
                0x00000420       0x22 CMakeFiles/sensor_controller.dir/pico-sdk/src/rp2_common/pico_double/double_v1_rom_shim_rp2040.S.obj
 .ARM.attributes
                0x00000442       0x22 CMakeFiles/sensor_controller.dir/pico-sdk/src/rp2_common/pico_int64_ops/pico_int64_ops_aeabi.S.obj
 .ARM.attributes
                0x00000464       0x22 CMakeFiles/sensor_controller.dir/pico-sdk/src/rp2_common/pico_float/float_aeabi_rp2040.S.obj
 .ARM.attributes
                0x00000486       0x2c CMakeFiles/sensor_controller.dir/pico-sdk/src/rp2_common/pico_float/float_init_rom_rp2040.c.obj
 .ARM.attributes
                0x000004b2       0x22 CMakeFiles/sensor_controller.dir/pico-sdk/src/rp2_common/pico_float/float_v1_rom_shim_rp2040.S.obj
 .ARM.attributes
                0x000004d4       0x22 CMakeFiles/sensor_controller.dir/pico-sdk/src/rp2_common/pico_mem_ops/mem_ops_aeabi.S.obj
 .ARM.attributes
                0x000004f6       0x2c CMakeFiles/sensor_controller.dir/pico-sdk/src/rp2_common/pico_standard_binary_info/standard_binary_info.c.obj
 .ARM.attributes
                0x00000522       0x2c CMakeFiles/sensor_controller.dir/pico-sdk/src/rp2_common/pico_printf/printf.c.obj
 .ARM.attributes
                0x0000054e       0x22 CMakeFiles/sensor_controller.dir/pico-sdk/src/rp2_common/pico_crt0/crt0.S.obj
 .ARM.attributes
                0x00000570       0x2c CMakeFiles/sensor_controller.dir/pico-sdk/src/rp2_common/pico_clib_interface/newlib_interface.c.obj
 .ARM.attributes
                0x0000059c       0x2c CMakeFiles/sensor_controller.dir/pico-sdk/src/rp2_common/pico_stdio/stdio.c.obj
 .ARM.attributes
                0x000005c8       0x2c CMakeFiles/sensor_controller.dir/pico-sdk/src/rp2_common/pico_unique_id/unique_id.c.obj
 .ARM.attributes
                0x000005f4       0x2c CMakeFiles/sensor_controller.dir/pico-sdk/src/rp2_common/hardware_flash/flash.c.obj
 .ARM.attributes
                0x00000620       0x22 pico-sdk/src/rp2040/boot_stage2/CMakeFiles/bs2_default_library.dir/./bs2_default_padded_checksummed.S.obj
 .ARM.attributes
                0x00000642       0x1e C:/PROGRA~2/ARMGNU~1/14EFD8~1.2RE/bin/../lib/gcc/arm-none-eabi/14.2.1/thumb/v6-m/nofp\libgcc.a(_dvmd_tls.o)
 .ARM.attributes
                0x00000660       0x2c C:/PROGRA~2/ARMGNU~1/14EFD8~1.2RE/bin/../lib/gcc/arm-none-eabi/14.2.1/thumb/v6-m/nofp\libg.a(libc_a-strlen-stub.o)
 .ARM.attributes
                0x0000068c       0x2c C:/PROGRA~2/ARMGNU~1/14EFD8~1.2RE/bin/../lib/gcc/arm-none-eabi/14.2.1/thumb/v6-m/nofp/crtend.o

.comment        0x00000000       0x45
 .comment       0x00000000       0x45 CMakeFiles/sensor_controller.dir/src/main.cpp.obj
                                 0x46 (size before relaxing)
 .comment       0x00000045       0x46 CMakeFiles/sensor_controller.dir/pico-sdk/src/rp2_common/hardware_gpio/gpio.c.obj
 .comment       0x00000045       0x46 CMakeFiles/sensor_controller.dir/pico-sdk/src/rp2_common/pico_platform_panic/panic.c.obj
 .comment       0x00000045       0x46 CMakeFiles/sensor_controller.dir/pico-sdk/src/common/hardware_claim/claim.c.obj
 .comment       0x00000045       0x46 CMakeFiles/sensor_controller.dir/pico-sdk/src/rp2_common/hardware_sync/sync.c.obj
 .comment       0x00000045       0x46 CMakeFiles/sensor_controller.dir/pico-sdk/src/rp2_common/hardware_sync_spin_lock/sync_spin_lock.c.obj
 .comment       0x00000045       0x46 CMakeFiles/sensor_controller.dir/pico-sdk/src/rp2_common/hardware_irq/irq.c.obj
 .comment       0x00000045       0x46 CMakeFiles/sensor_controller.dir/pico-sdk/src/common/pico_sync/lock_core.c.obj
 .comment       0x00000045       0x46 CMakeFiles/sensor_controller.dir/pico-sdk/src/common/pico_sync/mutex.c.obj
 .comment       0x00000045       0x46 CMakeFiles/sensor_controller.dir/pico-sdk/src/common/pico_time/time.c.obj
 .comment       0x00000045       0x46 CMakeFiles/sensor_controller.dir/pico-sdk/src/rp2_common/hardware_timer/timer.c.obj
 .comment       0x00000045       0x46 CMakeFiles/sensor_controller.dir/pico-sdk/src/rp2_common/hardware_clocks/clocks.c.obj
 .comment       0x00000045       0x46 CMakeFiles/sensor_controller.dir/pico-sdk/src/rp2_common/hardware_pll/pll.c.obj
 .comment       0x00000045       0x46 CMakeFiles/sensor_controller.dir/pico-sdk/src/rp2_common/hardware_ticks/ticks.c.obj
 .comment       0x00000045       0x46 CMakeFiles/sensor_controller.dir/pico-sdk/src/rp2_common/pico_bootrom/bootrom.c.obj
 .comment       0x00000045       0x46 CMakeFiles/sensor_controller.dir/pico-sdk/src/rp2_common/hardware_xosc/xosc.c.obj
 .comment       0x00000045       0x46 CMakeFiles/sensor_controller.dir/pico-sdk/src/rp2_common/pico_runtime/runtime.c.obj
 .comment       0x00000045       0x46 CMakeFiles/sensor_controller.dir/pico-sdk/src/rp2_common/pico_runtime_init/runtime_init.c.obj
 .comment       0x00000045       0x46 CMakeFiles/sensor_controller.dir/pico-sdk/src/rp2_common/pico_runtime_init/runtime_init_clocks.c.obj
 .comment       0x00000045       0x46 CMakeFiles/sensor_controller.dir/pico-sdk/src/rp2_common/pico_double/double_init_rom_rp2040.c.obj
 .comment       0x00000045       0x46 CMakeFiles/sensor_controller.dir/pico-sdk/src/rp2_common/pico_float/float_init_rom_rp2040.c.obj
 .comment       0x00000045       0x46 CMakeFiles/sensor_controller.dir/pico-sdk/src/rp2_common/pico_standard_binary_info/standard_binary_info.c.obj
 .comment       0x00000045       0x46 CMakeFiles/sensor_controller.dir/pico-sdk/src/rp2_common/pico_printf/printf.c.obj
 .comment       0x00000045       0x46 CMakeFiles/sensor_controller.dir/pico-sdk/src/rp2_common/pico_clib_interface/newlib_interface.c.obj
 .comment       0x00000045       0x46 CMakeFiles/sensor_controller.dir/pico-sdk/src/rp2_common/pico_stdio/stdio.c.obj
 .comment       0x00000045       0x46 CMakeFiles/sensor_controller.dir/pico-sdk/src/rp2_common/pico_unique_id/unique_id.c.obj
 .comment       0x00000045       0x46 CMakeFiles/sensor_controller.dir/pico-sdk/src/rp2_common/hardware_flash/flash.c.obj

.debug_info     0x00000000    0x1b596
 .debug_info    0x00000000      0x60d CMakeFiles/sensor_controller.dir/src/main.cpp.obj
 .debug_info    0x0000060d     0x242d CMakeFiles/sensor_controller.dir/pico-sdk/src/rp2_common/hardware_gpio/gpio.c.obj
 .debug_info    0x00002a3a      0x1bf CMakeFiles/sensor_controller.dir/pico-sdk/src/rp2_common/pico_platform_panic/panic.c.obj
 .debug_info    0x00002bf9      0x9a1 CMakeFiles/sensor_controller.dir/pico-sdk/src/common/hardware_claim/claim.c.obj
 .debug_info    0x0000359a      0x45c CMakeFiles/sensor_controller.dir/pico-sdk/src/rp2_common/hardware_sync/sync.c.obj
 .debug_info    0x000039f6      0x245 CMakeFiles/sensor_controller.dir/pico-sdk/src/rp2_common/hardware_sync_spin_lock/sync_spin_lock.c.obj
 .debug_info    0x00003c3b     0x220f CMakeFiles/sensor_controller.dir/pico-sdk/src/rp2_common/hardware_irq/irq.c.obj
 .debug_info    0x00005e4a      0x15f CMakeFiles/sensor_controller.dir/pico-sdk/src/common/pico_sync/lock_core.c.obj
 .debug_info    0x00005fa9     0x27f1 CMakeFiles/sensor_controller.dir/pico-sdk/src/common/pico_sync/mutex.c.obj
 .debug_info    0x0000879a     0x5036 CMakeFiles/sensor_controller.dir/pico-sdk/src/common/pico_time/time.c.obj
 .debug_info    0x0000d7d0     0x2b13 CMakeFiles/sensor_controller.dir/pico-sdk/src/rp2_common/hardware_timer/timer.c.obj
 .debug_info    0x000102e3     0x2991 CMakeFiles/sensor_controller.dir/pico-sdk/src/rp2_common/hardware_clocks/clocks.c.obj
 .debug_info    0x00012c74      0x4e5 CMakeFiles/sensor_controller.dir/pico-sdk/src/rp2_common/hardware_pll/pll.c.obj
 .debug_info    0x00013159      0x248 CMakeFiles/sensor_controller.dir/pico-sdk/src/rp2_common/hardware_ticks/ticks.c.obj
 .debug_info    0x000133a1      0x678 CMakeFiles/sensor_controller.dir/pico-sdk/src/rp2_common/pico_bootrom/bootrom.c.obj
 .debug_info    0x00013a19      0x1d0 CMakeFiles/sensor_controller.dir/pico-sdk/src/rp2_common/hardware_xosc/xosc.c.obj
 .debug_info    0x00013be9      0x21a CMakeFiles/sensor_controller.dir/pico-sdk/src/rp2_common/pico_runtime/runtime.c.obj
 .debug_info    0x00013e03      0x795 CMakeFiles/sensor_controller.dir/pico-sdk/src/rp2_common/pico_runtime_init/runtime_init.c.obj
 .debug_info    0x00014598      0x781 CMakeFiles/sensor_controller.dir/pico-sdk/src/rp2_common/pico_runtime_init/runtime_init_clocks.c.obj
 .debug_info    0x00014d19       0x23 CMakeFiles/sensor_controller.dir/pico-sdk/src/rp2_common/pico_bit_ops/bit_ops_aeabi.S.obj
 .debug_info    0x00014d3c       0x23 CMakeFiles/sensor_controller.dir/pico-sdk/src/rp2_common/pico_divider/divider_hardware.S.obj
 .debug_info    0x00014d5f       0x23 CMakeFiles/sensor_controller.dir/pico-sdk/src/rp2_common/pico_double/double_aeabi_rp2040.S.obj
 .debug_info    0x00014d82      0x27e CMakeFiles/sensor_controller.dir/pico-sdk/src/rp2_common/pico_double/double_init_rom_rp2040.c.obj
 .debug_info    0x00015000       0x23 CMakeFiles/sensor_controller.dir/pico-sdk/src/rp2_common/pico_double/double_v1_rom_shim_rp2040.S.obj
 .debug_info    0x00015023       0x24 CMakeFiles/sensor_controller.dir/pico-sdk/src/rp2_common/pico_int64_ops/pico_int64_ops_aeabi.S.obj
 .debug_info    0x00015047       0x23 CMakeFiles/sensor_controller.dir/pico-sdk/src/rp2_common/pico_float/float_aeabi_rp2040.S.obj
 .debug_info    0x0001506a      0x27e CMakeFiles/sensor_controller.dir/pico-sdk/src/rp2_common/pico_float/float_init_rom_rp2040.c.obj
 .debug_info    0x000152e8       0x23 CMakeFiles/sensor_controller.dir/pico-sdk/src/rp2_common/pico_float/float_v1_rom_shim_rp2040.S.obj
 .debug_info    0x0001530b       0x23 CMakeFiles/sensor_controller.dir/pico-sdk/src/rp2_common/pico_mem_ops/mem_ops_aeabi.S.obj
 .debug_info    0x0001532e      0x2b8 CMakeFiles/sensor_controller.dir/pico-sdk/src/rp2_common/pico_standard_binary_info/standard_binary_info.c.obj
 .debug_info    0x000155e6     0x22f2 CMakeFiles/sensor_controller.dir/pico-sdk/src/rp2_common/pico_printf/printf.c.obj
 .debug_info    0x000178d8       0x23 CMakeFiles/sensor_controller.dir/pico-sdk/src/rp2_common/pico_crt0/crt0.S.obj
 .debug_info    0x000178fb      0xb54 CMakeFiles/sensor_controller.dir/pico-sdk/src/rp2_common/pico_clib_interface/newlib_interface.c.obj
 .debug_info    0x0001844f     0x1c52 CMakeFiles/sensor_controller.dir/pico-sdk/src/rp2_common/pico_stdio/stdio.c.obj
 .debug_info    0x0001a0a1      0x201 CMakeFiles/sensor_controller.dir/pico-sdk/src/rp2_common/pico_unique_id/unique_id.c.obj
 .debug_info    0x0001a2a2     0x12f4 CMakeFiles/sensor_controller.dir/pico-sdk/src/rp2_common/hardware_flash/flash.c.obj

.debug_abbrev   0x00000000     0x4e30
 .debug_abbrev  0x00000000      0x1cf CMakeFiles/sensor_controller.dir/src/main.cpp.obj
 .debug_abbrev  0x000001cf      0x50e CMakeFiles/sensor_controller.dir/pico-sdk/src/rp2_common/hardware_gpio/gpio.c.obj
 .debug_abbrev  0x000006dd      0x12b CMakeFiles/sensor_controller.dir/pico-sdk/src/rp2_common/pico_platform_panic/panic.c.obj
 .debug_abbrev  0x00000808      0x328 CMakeFiles/sensor_controller.dir/pico-sdk/src/common/hardware_claim/claim.c.obj
 .debug_abbrev  0x00000b30      0x20f CMakeFiles/sensor_controller.dir/pico-sdk/src/rp2_common/hardware_sync/sync.c.obj
 .debug_abbrev  0x00000d3f      0x1bb CMakeFiles/sensor_controller.dir/pico-sdk/src/rp2_common/hardware_sync_spin_lock/sync_spin_lock.c.obj
 .debug_abbrev  0x00000efa      0x614 CMakeFiles/sensor_controller.dir/pico-sdk/src/rp2_common/hardware_irq/irq.c.obj
 .debug_abbrev  0x0000150e       0xee CMakeFiles/sensor_controller.dir/pico-sdk/src/common/pico_sync/lock_core.c.obj
 .debug_abbrev  0x000015fc      0x48c CMakeFiles/sensor_controller.dir/pico-sdk/src/common/pico_sync/mutex.c.obj
 .debug_abbrev  0x00001a88      0x659 CMakeFiles/sensor_controller.dir/pico-sdk/src/common/pico_time/time.c.obj
 .debug_abbrev  0x000020e1      0x4f2 CMakeFiles/sensor_controller.dir/pico-sdk/src/rp2_common/hardware_timer/timer.c.obj
 .debug_abbrev  0x000025d3      0x4eb CMakeFiles/sensor_controller.dir/pico-sdk/src/rp2_common/hardware_clocks/clocks.c.obj
 .debug_abbrev  0x00002abe      0x1d2 CMakeFiles/sensor_controller.dir/pico-sdk/src/rp2_common/hardware_pll/pll.c.obj
 .debug_abbrev  0x00002c90      0x145 CMakeFiles/sensor_controller.dir/pico-sdk/src/rp2_common/hardware_ticks/ticks.c.obj
 .debug_abbrev  0x00002dd5      0x1bc CMakeFiles/sensor_controller.dir/pico-sdk/src/rp2_common/pico_bootrom/bootrom.c.obj
 .debug_abbrev  0x00002f91      0x11d CMakeFiles/sensor_controller.dir/pico-sdk/src/rp2_common/hardware_xosc/xosc.c.obj
 .debug_abbrev  0x000030ae      0x182 CMakeFiles/sensor_controller.dir/pico-sdk/src/rp2_common/pico_runtime/runtime.c.obj
 .debug_abbrev  0x00003230      0x222 CMakeFiles/sensor_controller.dir/pico-sdk/src/rp2_common/pico_runtime_init/runtime_init.c.obj
 .debug_abbrev  0x00003452      0x2af CMakeFiles/sensor_controller.dir/pico-sdk/src/rp2_common/pico_runtime_init/runtime_init_clocks.c.obj
 .debug_abbrev  0x00003701       0x12 CMakeFiles/sensor_controller.dir/pico-sdk/src/rp2_common/pico_bit_ops/bit_ops_aeabi.S.obj
 .debug_abbrev  0x00003713       0x12 CMakeFiles/sensor_controller.dir/pico-sdk/src/rp2_common/pico_divider/divider_hardware.S.obj
 .debug_abbrev  0x00003725       0x12 CMakeFiles/sensor_controller.dir/pico-sdk/src/rp2_common/pico_double/double_aeabi_rp2040.S.obj
 .debug_abbrev  0x00003737      0x17a CMakeFiles/sensor_controller.dir/pico-sdk/src/rp2_common/pico_double/double_init_rom_rp2040.c.obj
 .debug_abbrev  0x000038b1       0x12 CMakeFiles/sensor_controller.dir/pico-sdk/src/rp2_common/pico_double/double_v1_rom_shim_rp2040.S.obj
 .debug_abbrev  0x000038c3       0x14 CMakeFiles/sensor_controller.dir/pico-sdk/src/rp2_common/pico_int64_ops/pico_int64_ops_aeabi.S.obj
 .debug_abbrev  0x000038d7       0x12 CMakeFiles/sensor_controller.dir/pico-sdk/src/rp2_common/pico_float/float_aeabi_rp2040.S.obj
 .debug_abbrev  0x000038e9      0x173 CMakeFiles/sensor_controller.dir/pico-sdk/src/rp2_common/pico_float/float_init_rom_rp2040.c.obj
 .debug_abbrev  0x00003a5c       0x12 CMakeFiles/sensor_controller.dir/pico-sdk/src/rp2_common/pico_float/float_v1_rom_shim_rp2040.S.obj
 .debug_abbrev  0x00003a6e       0x12 CMakeFiles/sensor_controller.dir/pico-sdk/src/rp2_common/pico_mem_ops/mem_ops_aeabi.S.obj
 .debug_abbrev  0x00003a80       0xb8 CMakeFiles/sensor_controller.dir/pico-sdk/src/rp2_common/pico_standard_binary_info/standard_binary_info.c.obj
 .debug_abbrev  0x00003b38      0x50c CMakeFiles/sensor_controller.dir/pico-sdk/src/rp2_common/pico_printf/printf.c.obj
 .debug_abbrev  0x00004044       0x12 CMakeFiles/sensor_controller.dir/pico-sdk/src/rp2_common/pico_crt0/crt0.S.obj
 .debug_abbrev  0x00004056      0x352 CMakeFiles/sensor_controller.dir/pico-sdk/src/rp2_common/pico_clib_interface/newlib_interface.c.obj
 .debug_abbrev  0x000043a8      0x5c4 CMakeFiles/sensor_controller.dir/pico-sdk/src/rp2_common/pico_stdio/stdio.c.obj
 .debug_abbrev  0x0000496c      0x153 CMakeFiles/sensor_controller.dir/pico-sdk/src/rp2_common/pico_unique_id/unique_id.c.obj
 .debug_abbrev  0x00004abf      0x371 CMakeFiles/sensor_controller.dir/pico-sdk/src/rp2_common/hardware_flash/flash.c.obj

.debug_loclists
                0x00000000    0x1086c
 .debug_loclists
                0x00000000       0xa8 CMakeFiles/sensor_controller.dir/src/main.cpp.obj
 .debug_loclists
                0x000000a8     0x1ac0 CMakeFiles/sensor_controller.dir/pico-sdk/src/rp2_common/hardware_gpio/gpio.c.obj
 .debug_loclists
                0x00001b68      0x349 CMakeFiles/sensor_controller.dir/pico-sdk/src/common/hardware_claim/claim.c.obj
 .debug_loclists
                0x00001eb1      0x108 CMakeFiles/sensor_controller.dir/pico-sdk/src/rp2_common/hardware_sync/sync.c.obj
 .debug_loclists
                0x00001fb9       0x7d CMakeFiles/sensor_controller.dir/pico-sdk/src/rp2_common/hardware_sync_spin_lock/sync_spin_lock.c.obj
 .debug_loclists
                0x00002036     0x11ed CMakeFiles/sensor_controller.dir/pico-sdk/src/rp2_common/hardware_irq/irq.c.obj
 .debug_loclists
                0x00003223       0x41 CMakeFiles/sensor_controller.dir/pico-sdk/src/common/pico_sync/lock_core.c.obj
 .debug_loclists
                0x00003264      0xaec CMakeFiles/sensor_controller.dir/pico-sdk/src/common/pico_sync/mutex.c.obj
 .debug_loclists
                0x00003d50     0x27d7 CMakeFiles/sensor_controller.dir/pico-sdk/src/common/pico_time/time.c.obj
 .debug_loclists
                0x00006527     0x19f6 CMakeFiles/sensor_controller.dir/pico-sdk/src/rp2_common/hardware_timer/timer.c.obj
 .debug_loclists
                0x00007f1d     0x2b6f CMakeFiles/sensor_controller.dir/pico-sdk/src/rp2_common/hardware_clocks/clocks.c.obj
 .debug_loclists
                0x0000aa8c      0x1e0 CMakeFiles/sensor_controller.dir/pico-sdk/src/rp2_common/hardware_pll/pll.c.obj
 .debug_loclists
                0x0000ac6c       0x47 CMakeFiles/sensor_controller.dir/pico-sdk/src/rp2_common/hardware_ticks/ticks.c.obj
 .debug_loclists
                0x0000acb3      0x351 CMakeFiles/sensor_controller.dir/pico-sdk/src/rp2_common/pico_bootrom/bootrom.c.obj
 .debug_loclists
                0x0000b004       0x48 CMakeFiles/sensor_controller.dir/pico-sdk/src/rp2_common/hardware_xosc/xosc.c.obj
 .debug_loclists
                0x0000b04c       0x7e CMakeFiles/sensor_controller.dir/pico-sdk/src/rp2_common/pico_runtime/runtime.c.obj
 .debug_loclists
                0x0000b0ca       0xba CMakeFiles/sensor_controller.dir/pico-sdk/src/rp2_common/pico_runtime_init/runtime_init.c.obj
 .debug_loclists
                0x0000b184       0x74 CMakeFiles/sensor_controller.dir/pico-sdk/src/rp2_common/pico_runtime_init/runtime_init_clocks.c.obj
 .debug_loclists
                0x0000b1f8       0x3d CMakeFiles/sensor_controller.dir/pico-sdk/src/rp2_common/pico_double/double_init_rom_rp2040.c.obj
 .debug_loclists
                0x0000b235       0x59 CMakeFiles/sensor_controller.dir/pico-sdk/src/rp2_common/pico_float/float_init_rom_rp2040.c.obj
 .debug_loclists
                0x0000b28e     0x355f CMakeFiles/sensor_controller.dir/pico-sdk/src/rp2_common/pico_printf/printf.c.obj
 .debug_loclists
                0x0000e7ed      0x431 CMakeFiles/sensor_controller.dir/pico-sdk/src/rp2_common/pico_clib_interface/newlib_interface.c.obj
 .debug_loclists
                0x0000ec1e      0xf4f CMakeFiles/sensor_controller.dir/pico-sdk/src/rp2_common/pico_stdio/stdio.c.obj
 .debug_loclists
                0x0000fb6d      0x3d5 CMakeFiles/sensor_controller.dir/pico-sdk/src/rp2_common/pico_unique_id/unique_id.c.obj
 .debug_loclists
                0x0000ff42      0x92a CMakeFiles/sensor_controller.dir/pico-sdk/src/rp2_common/hardware_flash/flash.c.obj

.debug_aranges  0x00000000      0xef8
 .debug_aranges
                0x00000000       0x20 CMakeFiles/sensor_controller.dir/src/main.cpp.obj
 .debug_aranges
                0x00000020      0x120 CMakeFiles/sensor_controller.dir/pico-sdk/src/rp2_common/hardware_gpio/gpio.c.obj
 .debug_aranges
                0x00000140       0x28 CMakeFiles/sensor_controller.dir/pico-sdk/src/rp2_common/pico_platform_panic/panic.c.obj
 .debug_aranges
                0x00000168       0x48 CMakeFiles/sensor_controller.dir/pico-sdk/src/common/hardware_claim/claim.c.obj
 .debug_aranges
                0x000001b0       0x48 CMakeFiles/sensor_controller.dir/pico-sdk/src/rp2_common/hardware_sync/sync.c.obj
 .debug_aranges
                0x000001f8       0x28 CMakeFiles/sensor_controller.dir/pico-sdk/src/rp2_common/hardware_sync_spin_lock/sync_spin_lock.c.obj
 .debug_aranges
                0x00000220       0xb8 CMakeFiles/sensor_controller.dir/pico-sdk/src/rp2_common/hardware_irq/irq.c.obj
 .debug_aranges
                0x000002d8       0x20 CMakeFiles/sensor_controller.dir/pico-sdk/src/common/pico_sync/lock_core.c.obj
 .debug_aranges
                0x000002f8       0x98 CMakeFiles/sensor_controller.dir/pico-sdk/src/common/pico_sync/mutex.c.obj
 .debug_aranges
                0x00000390       0xe0 CMakeFiles/sensor_controller.dir/pico-sdk/src/common/pico_time/time.c.obj
 .debug_aranges
                0x00000470       0xf0 CMakeFiles/sensor_controller.dir/pico-sdk/src/rp2_common/hardware_timer/timer.c.obj
 .debug_aranges
                0x00000560       0x90 CMakeFiles/sensor_controller.dir/pico-sdk/src/rp2_common/hardware_clocks/clocks.c.obj
 .debug_aranges
                0x000005f0       0x28 CMakeFiles/sensor_controller.dir/pico-sdk/src/rp2_common/hardware_pll/pll.c.obj
 .debug_aranges
                0x00000618       0x30 CMakeFiles/sensor_controller.dir/pico-sdk/src/rp2_common/hardware_ticks/ticks.c.obj
 .debug_aranges
                0x00000648       0x40 CMakeFiles/sensor_controller.dir/pico-sdk/src/rp2_common/pico_bootrom/bootrom.c.obj
 .debug_aranges
                0x00000688       0x30 CMakeFiles/sensor_controller.dir/pico-sdk/src/rp2_common/hardware_xosc/xosc.c.obj
 .debug_aranges
                0x000006b8       0x38 CMakeFiles/sensor_controller.dir/pico-sdk/src/rp2_common/pico_runtime/runtime.c.obj
 .debug_aranges
                0x000006f0       0x48 CMakeFiles/sensor_controller.dir/pico-sdk/src/rp2_common/pico_runtime_init/runtime_init.c.obj
 .debug_aranges
                0x00000738       0x20 CMakeFiles/sensor_controller.dir/pico-sdk/src/rp2_common/pico_runtime_init/runtime_init_clocks.c.obj
 .debug_aranges
                0x00000758       0x60 CMakeFiles/sensor_controller.dir/pico-sdk/src/rp2_common/pico_bit_ops/bit_ops_aeabi.S.obj
 .debug_aranges
                0x000007b8       0x40 CMakeFiles/sensor_controller.dir/pico-sdk/src/rp2_common/pico_divider/divider_hardware.S.obj
 .debug_aranges
                0x000007f8      0x150 CMakeFiles/sensor_controller.dir/pico-sdk/src/rp2_common/pico_double/double_aeabi_rp2040.S.obj
 .debug_aranges
                0x00000948       0x20 CMakeFiles/sensor_controller.dir/pico-sdk/src/rp2_common/pico_double/double_init_rom_rp2040.c.obj
 .debug_aranges
                0x00000968       0xc8 CMakeFiles/sensor_controller.dir/pico-sdk/src/rp2_common/pico_double/double_v1_rom_shim_rp2040.S.obj
 .debug_aranges
                0x00000a30       0x20 CMakeFiles/sensor_controller.dir/pico-sdk/src/rp2_common/pico_int64_ops/pico_int64_ops_aeabi.S.obj
 .debug_aranges
                0x00000a50      0x138 CMakeFiles/sensor_controller.dir/pico-sdk/src/rp2_common/pico_float/float_aeabi_rp2040.S.obj
 .debug_aranges
                0x00000b88       0x20 CMakeFiles/sensor_controller.dir/pico-sdk/src/rp2_common/pico_float/float_init_rom_rp2040.c.obj
 .debug_aranges
                0x00000ba8       0x50 CMakeFiles/sensor_controller.dir/pico-sdk/src/rp2_common/pico_float/float_v1_rom_shim_rp2040.S.obj
 .debug_aranges
                0x00000bf8       0x38 CMakeFiles/sensor_controller.dir/pico-sdk/src/rp2_common/pico_mem_ops/mem_ops_aeabi.S.obj
 .debug_aranges
                0x00000c30       0x18 CMakeFiles/sensor_controller.dir/pico-sdk/src/rp2_common/pico_standard_binary_info/standard_binary_info.c.obj
 .debug_aranges
                0x00000c48       0x90 CMakeFiles/sensor_controller.dir/pico-sdk/src/rp2_common/pico_printf/printf.c.obj
 .debug_aranges
                0x00000cd8       0x28 CMakeFiles/sensor_controller.dir/pico-sdk/src/rp2_common/pico_crt0/crt0.S.obj
 .debug_aranges
                0x00000d00       0xa0 CMakeFiles/sensor_controller.dir/pico-sdk/src/rp2_common/pico_clib_interface/newlib_interface.c.obj
 .debug_aranges
                0x00000da0       0xc8 CMakeFiles/sensor_controller.dir/pico-sdk/src/rp2_common/pico_stdio/stdio.c.obj
 .debug_aranges
                0x00000e68       0x30 CMakeFiles/sensor_controller.dir/pico-sdk/src/rp2_common/pico_unique_id/unique_id.c.obj
 .debug_aranges
                0x00000e98       0x60 CMakeFiles/sensor_controller.dir/pico-sdk/src/rp2_common/hardware_flash/flash.c.obj

.debug_rnglists
                0x00000000     0x2d52
 .debug_rnglists
                0x00000000       0x3a CMakeFiles/sensor_controller.dir/src/main.cpp.obj
 .debug_rnglists
                0x0000003a      0x5d0 CMakeFiles/sensor_controller.dir/pico-sdk/src/rp2_common/hardware_gpio/gpio.c.obj
 .debug_rnglists
                0x0000060a       0x19 CMakeFiles/sensor_controller.dir/pico-sdk/src/rp2_common/pico_platform_panic/panic.c.obj
 .debug_rnglists
                0x00000623       0xb6 CMakeFiles/sensor_controller.dir/pico-sdk/src/common/hardware_claim/claim.c.obj
 .debug_rnglists
                0x000006d9       0x58 CMakeFiles/sensor_controller.dir/pico-sdk/src/rp2_common/hardware_sync/sync.c.obj
 .debug_rnglists
                0x00000731       0x3d CMakeFiles/sensor_controller.dir/pico-sdk/src/rp2_common/hardware_sync_spin_lock/sync_spin_lock.c.obj
 .debug_rnglists
                0x0000076e      0x37d CMakeFiles/sensor_controller.dir/pico-sdk/src/rp2_common/hardware_irq/irq.c.obj
 .debug_rnglists
                0x00000aeb       0x1f CMakeFiles/sensor_controller.dir/pico-sdk/src/common/pico_sync/lock_core.c.obj
 .debug_rnglists
                0x00000b0a      0x325 CMakeFiles/sensor_controller.dir/pico-sdk/src/common/pico_sync/mutex.c.obj
 .debug_rnglists
                0x00000e2f      0x7e2 CMakeFiles/sensor_controller.dir/pico-sdk/src/common/pico_time/time.c.obj
 .debug_rnglists
                0x00001611      0x2c6 CMakeFiles/sensor_controller.dir/pico-sdk/src/rp2_common/hardware_timer/timer.c.obj
 .debug_rnglists
                0x000018d7      0x5af CMakeFiles/sensor_controller.dir/pico-sdk/src/rp2_common/hardware_clocks/clocks.c.obj
 .debug_rnglists
                0x00001e86       0x5c CMakeFiles/sensor_controller.dir/pico-sdk/src/rp2_common/hardware_pll/pll.c.obj
 .debug_rnglists
                0x00001ee2       0x2b CMakeFiles/sensor_controller.dir/pico-sdk/src/rp2_common/hardware_ticks/ticks.c.obj
 .debug_rnglists
                0x00001f0d      0x112 CMakeFiles/sensor_controller.dir/pico-sdk/src/rp2_common/pico_bootrom/bootrom.c.obj
 .debug_rnglists
                0x0000201f       0x1f CMakeFiles/sensor_controller.dir/pico-sdk/src/rp2_common/hardware_xosc/xosc.c.obj
 .debug_rnglists
                0x0000203e       0x3d CMakeFiles/sensor_controller.dir/pico-sdk/src/rp2_common/pico_runtime/runtime.c.obj
 .debug_rnglists
                0x0000207b       0x49 CMakeFiles/sensor_controller.dir/pico-sdk/src/rp2_common/pico_runtime_init/runtime_init.c.obj
 .debug_rnglists
                0x000020c4       0x20 CMakeFiles/sensor_controller.dir/pico-sdk/src/rp2_common/pico_runtime_init/runtime_init_clocks.c.obj
 .debug_rnglists
                0x000020e4       0x43 CMakeFiles/sensor_controller.dir/pico-sdk/src/rp2_common/pico_bit_ops/bit_ops_aeabi.S.obj
 .debug_rnglists
                0x00002127       0x2c CMakeFiles/sensor_controller.dir/pico-sdk/src/rp2_common/pico_divider/divider_hardware.S.obj
 .debug_rnglists
                0x00002153       0xf9 CMakeFiles/sensor_controller.dir/pico-sdk/src/rp2_common/pico_double/double_aeabi_rp2040.S.obj
 .debug_rnglists
                0x0000224c       0x14 CMakeFiles/sensor_controller.dir/pico-sdk/src/rp2_common/pico_double/double_init_rom_rp2040.c.obj
 .debug_rnglists
                0x00002260       0x99 CMakeFiles/sensor_controller.dir/pico-sdk/src/rp2_common/pico_double/double_v1_rom_shim_rp2040.S.obj
 .debug_rnglists
                0x000022f9       0xe5 CMakeFiles/sensor_controller.dir/pico-sdk/src/rp2_common/pico_float/float_aeabi_rp2040.S.obj
 .debug_rnglists
                0x000023de       0x13 CMakeFiles/sensor_controller.dir/pico-sdk/src/rp2_common/pico_float/float_init_rom_rp2040.c.obj
 .debug_rnglists
                0x000023f1       0x38 CMakeFiles/sensor_controller.dir/pico-sdk/src/rp2_common/pico_float/float_v1_rom_shim_rp2040.S.obj
 .debug_rnglists
                0x00002429       0x25 CMakeFiles/sensor_controller.dir/pico-sdk/src/rp2_common/pico_mem_ops/mem_ops_aeabi.S.obj
 .debug_rnglists
                0x0000244e      0x2a2 CMakeFiles/sensor_controller.dir/pico-sdk/src/rp2_common/pico_printf/printf.c.obj
 .debug_rnglists
                0x000026f0       0x1b CMakeFiles/sensor_controller.dir/pico-sdk/src/rp2_common/pico_crt0/crt0.S.obj
 .debug_rnglists
                0x0000270b       0x7f CMakeFiles/sensor_controller.dir/pico-sdk/src/rp2_common/pico_clib_interface/newlib_interface.c.obj
 .debug_rnglists
                0x0000278a      0x2bb CMakeFiles/sensor_controller.dir/pico-sdk/src/rp2_common/pico_stdio/stdio.c.obj
 .debug_rnglists
                0x00002a45       0x70 CMakeFiles/sensor_controller.dir/pico-sdk/src/rp2_common/pico_unique_id/unique_id.c.obj
 .debug_rnglists
                0x00002ab5      0x29d CMakeFiles/sensor_controller.dir/pico-sdk/src/rp2_common/hardware_flash/flash.c.obj

.debug_line     0x00000000    0x17777
 .debug_line    0x00000000      0x43a CMakeFiles/sensor_controller.dir/src/main.cpp.obj
 .debug_line    0x0000043a     0x1d5e CMakeFiles/sensor_controller.dir/pico-sdk/src/rp2_common/hardware_gpio/gpio.c.obj
 .debug_line    0x00002198      0x2b7 CMakeFiles/sensor_controller.dir/pico-sdk/src/rp2_common/pico_platform_panic/panic.c.obj
 .debug_line    0x0000244f      0x9ae CMakeFiles/sensor_controller.dir/pico-sdk/src/common/hardware_claim/claim.c.obj
 .debug_line    0x00002dfd      0x55e CMakeFiles/sensor_controller.dir/pico-sdk/src/rp2_common/hardware_sync/sync.c.obj
 .debug_line    0x0000335b      0x426 CMakeFiles/sensor_controller.dir/pico-sdk/src/rp2_common/hardware_sync_spin_lock/sync_spin_lock.c.obj
 .debug_line    0x00003781     0x1863 CMakeFiles/sensor_controller.dir/pico-sdk/src/rp2_common/hardware_irq/irq.c.obj
 .debug_line    0x00004fe4      0x351 CMakeFiles/sensor_controller.dir/pico-sdk/src/common/pico_sync/lock_core.c.obj
 .debug_line    0x00005335     0x1c33 CMakeFiles/sensor_controller.dir/pico-sdk/src/common/pico_sync/mutex.c.obj
 .debug_line    0x00006f68     0x36a1 CMakeFiles/sensor_controller.dir/pico-sdk/src/common/pico_time/time.c.obj
 .debug_line    0x0000a609     0x1e1e CMakeFiles/sensor_controller.dir/pico-sdk/src/rp2_common/hardware_timer/timer.c.obj
 .debug_line    0x0000c427     0x21fa CMakeFiles/sensor_controller.dir/pico-sdk/src/rp2_common/hardware_clocks/clocks.c.obj
 .debug_line    0x0000e621      0x5a0 CMakeFiles/sensor_controller.dir/pico-sdk/src/rp2_common/hardware_pll/pll.c.obj
 .debug_line    0x0000ebc1      0x3b0 CMakeFiles/sensor_controller.dir/pico-sdk/src/rp2_common/hardware_ticks/ticks.c.obj
 .debug_line    0x0000ef71      0x47e CMakeFiles/sensor_controller.dir/pico-sdk/src/rp2_common/pico_bootrom/bootrom.c.obj
 .debug_line    0x0000f3ef      0x3b9 CMakeFiles/sensor_controller.dir/pico-sdk/src/rp2_common/hardware_xosc/xosc.c.obj
 .debug_line    0x0000f7a8      0x36b CMakeFiles/sensor_controller.dir/pico-sdk/src/rp2_common/pico_runtime/runtime.c.obj
 .debug_line    0x0000fb13      0x5e2 CMakeFiles/sensor_controller.dir/pico-sdk/src/rp2_common/pico_runtime_init/runtime_init.c.obj
 .debug_line    0x000100f5      0x657 CMakeFiles/sensor_controller.dir/pico-sdk/src/rp2_common/pico_runtime_init/runtime_init_clocks.c.obj
 .debug_line    0x0001074c      0x107 CMakeFiles/sensor_controller.dir/pico-sdk/src/rp2_common/pico_bit_ops/bit_ops_aeabi.S.obj
 .debug_line    0x00010853      0x2a9 CMakeFiles/sensor_controller.dir/pico-sdk/src/rp2_common/pico_divider/divider_hardware.S.obj
 .debug_line    0x00010afc      0x452 CMakeFiles/sensor_controller.dir/pico-sdk/src/rp2_common/pico_double/double_aeabi_rp2040.S.obj
 .debug_line    0x00010f4e      0x4e3 CMakeFiles/sensor_controller.dir/pico-sdk/src/rp2_common/pico_double/double_init_rom_rp2040.c.obj
 .debug_line    0x00011431      0x66d CMakeFiles/sensor_controller.dir/pico-sdk/src/rp2_common/pico_double/double_v1_rom_shim_rp2040.S.obj
 .debug_line    0x00011a9e       0x61 CMakeFiles/sensor_controller.dir/pico-sdk/src/rp2_common/pico_int64_ops/pico_int64_ops_aeabi.S.obj
 .debug_line    0x00011aff      0x3d2 CMakeFiles/sensor_controller.dir/pico-sdk/src/rp2_common/pico_float/float_aeabi_rp2040.S.obj
 .debug_line    0x00011ed1      0x3f8 CMakeFiles/sensor_controller.dir/pico-sdk/src/rp2_common/pico_float/float_init_rom_rp2040.c.obj
 .debug_line    0x000122c9      0x195 CMakeFiles/sensor_controller.dir/pico-sdk/src/rp2_common/pico_float/float_v1_rom_shim_rp2040.S.obj
 .debug_line    0x0001245e       0x94 CMakeFiles/sensor_controller.dir/pico-sdk/src/rp2_common/pico_mem_ops/mem_ops_aeabi.S.obj
 .debug_line    0x000124f2      0x22d CMakeFiles/sensor_controller.dir/pico-sdk/src/rp2_common/pico_standard_binary_info/standard_binary_info.c.obj
 .debug_line    0x0001271f     0x1d3a CMakeFiles/sensor_controller.dir/pico-sdk/src/rp2_common/pico_printf/printf.c.obj
 .debug_line    0x00014459       0xa5 CMakeFiles/sensor_controller.dir/pico-sdk/src/rp2_common/pico_crt0/crt0.S.obj
 .debug_line    0x000144fe      0x939 CMakeFiles/sensor_controller.dir/pico-sdk/src/rp2_common/pico_clib_interface/newlib_interface.c.obj
 .debug_line    0x00014e37     0x15f7 CMakeFiles/sensor_controller.dir/pico-sdk/src/rp2_common/pico_stdio/stdio.c.obj
 .debug_line    0x0001642e      0x6ae CMakeFiles/sensor_controller.dir/pico-sdk/src/rp2_common/pico_unique_id/unique_id.c.obj
 .debug_line    0x00016adc      0xc9b CMakeFiles/sensor_controller.dir/pico-sdk/src/rp2_common/hardware_flash/flash.c.obj

.debug_str      0x00000000     0x4965
 .debug_str     0x00000000     0x4965 CMakeFiles/sensor_controller.dir/src/main.cpp.obj
                                0x471 (size before relaxing)
 .debug_str     0x00004965      0xc91 CMakeFiles/sensor_controller.dir/pico-sdk/src/rp2_common/hardware_gpio/gpio.c.obj
 .debug_str     0x00004965      0x21c CMakeFiles/sensor_controller.dir/pico-sdk/src/rp2_common/pico_platform_panic/panic.c.obj
 .debug_str     0x00004965      0x39f CMakeFiles/sensor_controller.dir/pico-sdk/src/common/hardware_claim/claim.c.obj
 .debug_str     0x00004965      0x348 CMakeFiles/sensor_controller.dir/pico-sdk/src/rp2_common/hardware_sync/sync.c.obj
 .debug_str     0x00004965      0x25b CMakeFiles/sensor_controller.dir/pico-sdk/src/rp2_common/hardware_sync_spin_lock/sync_spin_lock.c.obj
 .debug_str     0x00004965      0xa8f CMakeFiles/sensor_controller.dir/pico-sdk/src/rp2_common/hardware_irq/irq.c.obj
 .debug_str     0x00004965      0x227 CMakeFiles/sensor_controller.dir/pico-sdk/src/common/pico_sync/lock_core.c.obj
 .debug_str     0x00004965      0x7ba CMakeFiles/sensor_controller.dir/pico-sdk/src/common/pico_sync/mutex.c.obj
 .debug_str     0x00004965     0x11b0 CMakeFiles/sensor_controller.dir/pico-sdk/src/common/pico_time/time.c.obj
 .debug_str     0x00004965      0xa02 CMakeFiles/sensor_controller.dir/pico-sdk/src/rp2_common/hardware_timer/timer.c.obj
 .debug_str     0x00004965      0x9b7 CMakeFiles/sensor_controller.dir/pico-sdk/src/rp2_common/hardware_clocks/clocks.c.obj
 .debug_str     0x00004965      0x47a CMakeFiles/sensor_controller.dir/pico-sdk/src/rp2_common/hardware_pll/pll.c.obj
 .debug_str     0x00004965      0x2a9 CMakeFiles/sensor_controller.dir/pico-sdk/src/rp2_common/hardware_ticks/ticks.c.obj
 .debug_str     0x00004965      0x36e CMakeFiles/sensor_controller.dir/pico-sdk/src/rp2_common/pico_bootrom/bootrom.c.obj
 .debug_str     0x00004965      0x25e CMakeFiles/sensor_controller.dir/pico-sdk/src/rp2_common/hardware_xosc/xosc.c.obj
 .debug_str     0x00004965      0x2ae CMakeFiles/sensor_controller.dir/pico-sdk/src/rp2_common/pico_runtime/runtime.c.obj
 .debug_str     0x00004965      0x7a2 CMakeFiles/sensor_controller.dir/pico-sdk/src/rp2_common/pico_runtime_init/runtime_init.c.obj
 .debug_str     0x00004965      0x4b6 CMakeFiles/sensor_controller.dir/pico-sdk/src/rp2_common/pico_runtime_init/runtime_init_clocks.c.obj
 .debug_str     0x00004965       0xb1 CMakeFiles/sensor_controller.dir/pico-sdk/src/rp2_common/pico_bit_ops/bit_ops_aeabi.S.obj
 .debug_str     0x00004965       0xb4 CMakeFiles/sensor_controller.dir/pico-sdk/src/rp2_common/pico_divider/divider_hardware.S.obj
 .debug_str     0x00004965       0xb6 CMakeFiles/sensor_controller.dir/pico-sdk/src/rp2_common/pico_double/double_aeabi_rp2040.S.obj
 .debug_str     0x00004965      0x2d7 CMakeFiles/sensor_controller.dir/pico-sdk/src/rp2_common/pico_double/double_init_rom_rp2040.c.obj
 .debug_str     0x00004965       0xbc CMakeFiles/sensor_controller.dir/pico-sdk/src/rp2_common/pico_double/double_v1_rom_shim_rp2040.S.obj
 .debug_str     0x00004965       0xba CMakeFiles/sensor_controller.dir/pico-sdk/src/rp2_common/pico_int64_ops/pico_int64_ops_aeabi.S.obj
 .debug_str     0x00004965       0xb4 CMakeFiles/sensor_controller.dir/pico-sdk/src/rp2_common/pico_float/float_aeabi_rp2040.S.obj
 .debug_str     0x00004965      0x2bc CMakeFiles/sensor_controller.dir/pico-sdk/src/rp2_common/pico_float/float_init_rom_rp2040.c.obj
 .debug_str     0x00004965       0xba CMakeFiles/sensor_controller.dir/pico-sdk/src/rp2_common/pico_float/float_v1_rom_shim_rp2040.S.obj
 .debug_str     0x00004965       0xb1 CMakeFiles/sensor_controller.dir/pico-sdk/src/rp2_common/pico_mem_ops/mem_ops_aeabi.S.obj
 .debug_str     0x00004965      0x41d CMakeFiles/sensor_controller.dir/pico-sdk/src/rp2_common/pico_standard_binary_info/standard_binary_info.c.obj
 .debug_str     0x00004965      0x500 CMakeFiles/sensor_controller.dir/pico-sdk/src/rp2_common/pico_printf/printf.c.obj
 .debug_str     0x00004965       0xa5 CMakeFiles/sensor_controller.dir/pico-sdk/src/rp2_common/pico_crt0/crt0.S.obj
 .debug_str     0x00004965      0x73c CMakeFiles/sensor_controller.dir/pico-sdk/src/rp2_common/pico_clib_interface/newlib_interface.c.obj
 .debug_str     0x00004965      0xb00 CMakeFiles/sensor_controller.dir/pico-sdk/src/rp2_common/pico_stdio/stdio.c.obj
 .debug_str     0x00004965      0x28d CMakeFiles/sensor_controller.dir/pico-sdk/src/rp2_common/pico_unique_id/unique_id.c.obj
 .debug_str     0x00004965      0x6e7 CMakeFiles/sensor_controller.dir/pico-sdk/src/rp2_common/hardware_flash/flash.c.obj

.debug_frame    0x00000000     0x1b08
 .debug_frame   0x00000000       0x2c CMakeFiles/sensor_controller.dir/src/main.cpp.obj
 .debug_frame   0x0000002c      0x330 CMakeFiles/sensor_controller.dir/pico-sdk/src/rp2_common/hardware_gpio/gpio.c.obj
 .debug_frame   0x0000035c       0x44 CMakeFiles/sensor_controller.dir/pico-sdk/src/rp2_common/pico_platform_panic/panic.c.obj
 .debug_frame   0x000003a0       0xa0 CMakeFiles/sensor_controller.dir/pico-sdk/src/common/hardware_claim/claim.c.obj
 .debug_frame   0x00000440       0xa8 CMakeFiles/sensor_controller.dir/pico-sdk/src/rp2_common/hardware_sync/sync.c.obj
 .debug_frame   0x000004e8       0x30 CMakeFiles/sensor_controller.dir/pico-sdk/src/rp2_common/hardware_sync_spin_lock/sync_spin_lock.c.obj
 .debug_frame   0x00000518      0x1cc CMakeFiles/sensor_controller.dir/pico-sdk/src/rp2_common/hardware_irq/irq.c.obj
 .debug_frame   0x000006e4       0x20 CMakeFiles/sensor_controller.dir/pico-sdk/src/common/pico_sync/lock_core.c.obj
 .debug_frame   0x00000704      0x1e8 CMakeFiles/sensor_controller.dir/pico-sdk/src/common/pico_sync/mutex.c.obj
 .debug_frame   0x000008ec      0x2ec CMakeFiles/sensor_controller.dir/pico-sdk/src/common/pico_time/time.c.obj
 .debug_frame   0x00000bd8      0x2c4 CMakeFiles/sensor_controller.dir/pico-sdk/src/rp2_common/hardware_timer/timer.c.obj
 .debug_frame   0x00000e9c      0x1f4 CMakeFiles/sensor_controller.dir/pico-sdk/src/rp2_common/hardware_clocks/clocks.c.obj
 .debug_frame   0x00001090       0x40 CMakeFiles/sensor_controller.dir/pico-sdk/src/rp2_common/hardware_pll/pll.c.obj
 .debug_frame   0x000010d0       0x40 CMakeFiles/sensor_controller.dir/pico-sdk/src/rp2_common/hardware_ticks/ticks.c.obj
 .debug_frame   0x00001110       0xa0 CMakeFiles/sensor_controller.dir/pico-sdk/src/rp2_common/pico_bootrom/bootrom.c.obj
 .debug_frame   0x000011b0       0x40 CMakeFiles/sensor_controller.dir/pico-sdk/src/rp2_common/hardware_xosc/xosc.c.obj
 .debug_frame   0x000011f0       0x70 CMakeFiles/sensor_controller.dir/pico-sdk/src/rp2_common/pico_runtime/runtime.c.obj
 .debug_frame   0x00001260       0x84 CMakeFiles/sensor_controller.dir/pico-sdk/src/rp2_common/pico_runtime_init/runtime_init.c.obj
 .debug_frame   0x000012e4       0x2c CMakeFiles/sensor_controller.dir/pico-sdk/src/rp2_common/pico_runtime_init/runtime_init_clocks.c.obj
 .debug_frame   0x00001310       0x2c CMakeFiles/sensor_controller.dir/pico-sdk/src/rp2_common/pico_double/double_init_rom_rp2040.c.obj
 .debug_frame   0x0000133c       0x28 CMakeFiles/sensor_controller.dir/pico-sdk/src/rp2_common/pico_float/float_init_rom_rp2040.c.obj
 .debug_frame   0x00001364      0x1f0 CMakeFiles/sensor_controller.dir/pico-sdk/src/rp2_common/pico_printf/printf.c.obj
 .debug_frame   0x00001554      0x174 CMakeFiles/sensor_controller.dir/pico-sdk/src/rp2_common/pico_clib_interface/newlib_interface.c.obj
 .debug_frame   0x000016c8      0x2a8 CMakeFiles/sensor_controller.dir/pico-sdk/src/rp2_common/pico_stdio/stdio.c.obj
 .debug_frame   0x00001970       0x5c CMakeFiles/sensor_controller.dir/pico-sdk/src/rp2_common/pico_unique_id/unique_id.c.obj
 .debug_frame   0x000019cc      0x114 CMakeFiles/sensor_controller.dir/pico-sdk/src/rp2_common/hardware_flash/flash.c.obj
 .debug_frame   0x00001ae0       0x28 C:/PROGRA~2/ARMGNU~1/14EFD8~1.2RE/bin/../lib/gcc/arm-none-eabi/14.2.1/thumb/v6-m/nofp\libg.a(libc_a-strlen-stub.o)

.debug_line_str
                0x00000000      0x425
 .debug_line_str
                0x00000000      0x425 CMakeFiles/sensor_controller.dir/pico-sdk/src/rp2_common/pico_bit_ops/bit_ops_aeabi.S.obj
                                 0xa3 (size before relaxing)
 .debug_line_str
                0x00000425       0xa6 CMakeFiles/sensor_controller.dir/pico-sdk/src/rp2_common/pico_divider/divider_hardware.S.obj
 .debug_line_str
                0x00000425       0xa8 CMakeFiles/sensor_controller.dir/pico-sdk/src/rp2_common/pico_double/double_aeabi_rp2040.S.obj
 .debug_line_str
                0x00000425       0xae CMakeFiles/sensor_controller.dir/pico-sdk/src/rp2_common/pico_double/double_v1_rom_shim_rp2040.S.obj
 .debug_line_str
                0x00000425       0xac CMakeFiles/sensor_controller.dir/pico-sdk/src/rp2_common/pico_int64_ops/pico_int64_ops_aeabi.S.obj
 .debug_line_str
                0x00000425       0xa6 CMakeFiles/sensor_controller.dir/pico-sdk/src/rp2_common/pico_float/float_aeabi_rp2040.S.obj
 .debug_line_str
                0x00000425       0xac CMakeFiles/sensor_controller.dir/pico-sdk/src/rp2_common/pico_float/float_v1_rom_shim_rp2040.S.obj
 .debug_line_str
                0x00000425       0xa3 CMakeFiles/sensor_controller.dir/pico-sdk/src/rp2_common/pico_mem_ops/mem_ops_aeabi.S.obj
 .debug_line_str
                0x00000425       0x97 CMakeFiles/sensor_controller.dir/pico-sdk/src/rp2_common/pico_crt0/crt0.S.obj
 .debug_line_str
                0x00000425       0xcd C:/PROGRA~2/ARMGNU~1/14EFD8~1.2RE/bin/../lib/gcc/arm-none-eabi/14.2.1/thumb/v6-m/nofp\libgcc.a(_dvmd_tls.o)